Archive member included to satisfy reference by file (symbol)

C:/ST/STM32CubeIDE_1.13.2/STM32CubeIDE/plugins/com.st.stm32cube.ide.mcu.externaltools.gnu-tools-for-stm32.11.3.rel1.win32_1.1.1.202309131626/tools/bin/../lib/gcc/arm-none-eabi/11.3.1/../../../../arm-none-eabi/lib/thumb/v7-m/nofp\libc_nano.a(libc_a-atoi.o)
                              ./Core/Src/main.o (atoi)
C:/ST/STM32CubeIDE_1.13.2/STM32CubeIDE/plugins/com.st.stm32cube.ide.mcu.externaltools.gnu-tools-for-stm32.11.3.rel1.win32_1.1.1.202309131626/tools/bin/../lib/gcc/arm-none-eabi/11.3.1/../../../../arm-none-eabi/lib/thumb/v7-m/nofp\libc_nano.a(libc_a-exit.o)
                              C:/ST/STM32CubeIDE_1.13.2/STM32CubeIDE/plugins/com.st.stm32cube.ide.mcu.externaltools.gnu-tools-for-stm32.11.3.rel1.win32_1.1.1.202309131626/tools/bin/../lib/gcc/arm-none-eabi/11.3.1/../../../../arm-none-eabi/lib/thumb/v7-m/nofp/crt0.o (exit)
C:/ST/STM32CubeIDE_1.13.2/STM32CubeIDE/plugins/com.st.stm32cube.ide.mcu.externaltools.gnu-tools-for-stm32.11.3.rel1.win32_1.1.1.202309131626/tools/bin/../lib/gcc/arm-none-eabi/11.3.1/../../../../arm-none-eabi/lib/thumb/v7-m/nofp\libc_nano.a(libc_a-strtol.o)
                              C:/ST/STM32CubeIDE_1.13.2/STM32CubeIDE/plugins/com.st.stm32cube.ide.mcu.externaltools.gnu-tools-for-stm32.11.3.rel1.win32_1.1.1.202309131626/tools/bin/../lib/gcc/arm-none-eabi/11.3.1/../../../../arm-none-eabi/lib/thumb/v7-m/nofp\libc_nano.a(libc_a-atoi.o) (_strtol_r)
C:/ST/STM32CubeIDE_1.13.2/STM32CubeIDE/plugins/com.st.stm32cube.ide.mcu.externaltools.gnu-tools-for-stm32.11.3.rel1.win32_1.1.1.202309131626/tools/bin/../lib/gcc/arm-none-eabi/11.3.1/../../../../arm-none-eabi/lib/thumb/v7-m/nofp\libc_nano.a(libc_a-ctype_.o)
                              C:/ST/STM32CubeIDE_1.13.2/STM32CubeIDE/plugins/com.st.stm32cube.ide.mcu.externaltools.gnu-tools-for-stm32.11.3.rel1.win32_1.1.1.202309131626/tools/bin/../lib/gcc/arm-none-eabi/11.3.1/../../../../arm-none-eabi/lib/thumb/v7-m/nofp\libc_nano.a(libc_a-strtol.o) (_ctype_)
C:/ST/STM32CubeIDE_1.13.2/STM32CubeIDE/plugins/com.st.stm32cube.ide.mcu.externaltools.gnu-tools-for-stm32.11.3.rel1.win32_1.1.1.202309131626/tools/bin/../lib/gcc/arm-none-eabi/11.3.1/../../../../arm-none-eabi/lib/thumb/v7-m/nofp\libc_nano.a(libc_a-findfp.o)
                              C:/ST/STM32CubeIDE_1.13.2/STM32CubeIDE/plugins/com.st.stm32cube.ide.mcu.externaltools.gnu-tools-for-stm32.11.3.rel1.win32_1.1.1.202309131626/tools/bin/../lib/gcc/arm-none-eabi/11.3.1/../../../../arm-none-eabi/lib/thumb/v7-m/nofp\libc_nano.a(libc_a-exit.o) (__stdio_exit_handler)
C:/ST/STM32CubeIDE_1.13.2/STM32CubeIDE/plugins/com.st.stm32cube.ide.mcu.externaltools.gnu-tools-for-stm32.11.3.rel1.win32_1.1.1.202309131626/tools/bin/../lib/gcc/arm-none-eabi/11.3.1/../../../../arm-none-eabi/lib/thumb/v7-m/nofp\libc_nano.a(libc_a-fwalk.o)
                              C:/ST/STM32CubeIDE_1.13.2/STM32CubeIDE/plugins/com.st.stm32cube.ide.mcu.externaltools.gnu-tools-for-stm32.11.3.rel1.win32_1.1.1.202309131626/tools/bin/../lib/gcc/arm-none-eabi/11.3.1/../../../../arm-none-eabi/lib/thumb/v7-m/nofp\libc_nano.a(libc_a-findfp.o) (_fwalk_sglue)
C:/ST/STM32CubeIDE_1.13.2/STM32CubeIDE/plugins/com.st.stm32cube.ide.mcu.externaltools.gnu-tools-for-stm32.11.3.rel1.win32_1.1.1.202309131626/tools/bin/../lib/gcc/arm-none-eabi/11.3.1/../../../../arm-none-eabi/lib/thumb/v7-m/nofp\libc_nano.a(libc_a-snprintf.o)
                              ./Core/Src/main.o (snprintf)
C:/ST/STM32CubeIDE_1.13.2/STM32CubeIDE/plugins/com.st.stm32cube.ide.mcu.externaltools.gnu-tools-for-stm32.11.3.rel1.win32_1.1.1.202309131626/tools/bin/../lib/gcc/arm-none-eabi/11.3.1/../../../../arm-none-eabi/lib/thumb/v7-m/nofp\libc_nano.a(libc_a-sprintf.o)
                              ./Core/Src/main.o (sprintf)
C:/ST/STM32CubeIDE_1.13.2/STM32CubeIDE/plugins/com.st.stm32cube.ide.mcu.externaltools.gnu-tools-for-stm32.11.3.rel1.win32_1.1.1.202309131626/tools/bin/../lib/gcc/arm-none-eabi/11.3.1/../../../../arm-none-eabi/lib/thumb/v7-m/nofp\libc_nano.a(libc_a-stdio.o)
                              C:/ST/STM32CubeIDE_1.13.2/STM32CubeIDE/plugins/com.st.stm32cube.ide.mcu.externaltools.gnu-tools-for-stm32.11.3.rel1.win32_1.1.1.202309131626/tools/bin/../lib/gcc/arm-none-eabi/11.3.1/../../../../arm-none-eabi/lib/thumb/v7-m/nofp\libc_nano.a(libc_a-findfp.o) (__sread)
C:/ST/STM32CubeIDE_1.13.2/STM32CubeIDE/plugins/com.st.stm32cube.ide.mcu.externaltools.gnu-tools-for-stm32.11.3.rel1.win32_1.1.1.202309131626/tools/bin/../lib/gcc/arm-none-eabi/11.3.1/../../../../arm-none-eabi/lib/thumb/v7-m/nofp\libc_nano.a(libc_a-memset.o)
                              C:/ST/STM32CubeIDE_1.13.2/STM32CubeIDE/plugins/com.st.stm32cube.ide.mcu.externaltools.gnu-tools-for-stm32.11.3.rel1.win32_1.1.1.202309131626/tools/bin/../lib/gcc/arm-none-eabi/11.3.1/../../../../arm-none-eabi/lib/thumb/v7-m/nofp/crt0.o (memset)
[...]
Memory Configuration

Name             Origin             Length             Attributes
RAM              0x0000000020000000 0x0000000000005000 xrw
FLASH            0x0000000008000000 0x0000000000010000 xr
*default*        0x0000000000000000 0xffffffffffffffff

Linker script and memory map

LOAD C:/ST/STM32CubeIDE_1.13.2/STM32CubeIDE/plugins/com.st.stm32cube.ide.mcu.externaltools.gnu-tools-for-stm32.11.3.rel1.win32_1.1.1.202309131626/tools/bin/../lib/gcc/arm-none-eabi/11.3.1/thumb/v7-m/nofp/crti.o
LOAD C:/ST/STM32CubeIDE_1.13.2/STM32CubeIDE/plugins/com.st.stm32cube.ide.mcu.externaltools.gnu-tools-for-stm32.11.3.rel1.win32_1.1.1.202309131626/tools/bin/../lib/gcc/arm-none-eabi/11.3.1/thumb/v7-m/nofp/crtbegin.o
LOAD C:/ST/STM32CubeIDE_1.13.2/STM32CubeIDE/plugins/com.st.stm32cube.ide.mcu.externaltools.gnu-tools-for-stm32.11.3.rel1.win32_1.1.1.202309131626/tools/bin/../lib/gcc/arm-none-eabi/11.3.1/../../../../arm-none-eabi/lib/thumb/v7-m/nofp/crt0.o
LOAD ./Core/Src/LCD_I2C.o
LOAD ./Core/Src/keypad_lib.o
LOAD ./Core/Src/main.o
LOAD ./Core/Src/stm32f1xx_hal_msp.o
LOAD ./Core/Src/stm32f1xx_it.o
LOAD ./Core/Src/syscalls.o
LOAD ./Core/Src/sysmem.o
LOAD ./Core/Src/system_stm32f1xx.o
LOAD ./Core/Startup/startup_stm32f103c8tx.o
LOAD ./Drivers/STM32F1xx_HAL_Driver/Src/stm32f1xx_hal.o
LOAD ./Drivers/STM32F1xx_HAL_Driver/Src/stm32f1xx_hal_adc.o
LOAD ./Drivers/STM32F1xx_HAL_Driver/Src/stm32f1xx_hal_adc_ex.o
LOAD ./Drivers/STM32F1xx_HAL_Driver/Src/stm32f1xx_hal_cortex.o
LOAD ./Drivers/STM32F1xx_HAL_Driver/Src/stm32f1xx_hal_dma.o
LOAD ./Drivers/STM32F1xx_HAL_Driver/Src/stm32f1xx_hal_exti.o
LOAD ./Drivers/STM32F1xx_HAL_Driver/Src/stm32f1xx_hal_flash.o
LOAD ./Drivers/STM32F1xx_HAL_Driver/Src/stm32f1xx_hal_flash_ex.o
LOAD ./Drivers/STM32F1xx_HAL_Driver/Src/stm32f1xx_hal_gpio.o
LOAD ./Drivers/STM32F1xx_HAL_Driver/Src/stm32f1xx_hal_gpio_ex.o
LOAD ./Drivers/STM32F1xx_HAL_Driver/Src/stm32f1xx_hal_i2c.o
LOAD ./Drivers/STM32F1xx_HAL_Driver/Src/stm32f1xx_hal_pcd.o
LOAD ./Drivers/STM32F1xx_HAL_Driver/Src/stm32f1xx_hal_pcd_ex.o
LOAD ./Drivers/STM32F1xx_HAL_Driver/Src/stm32f1xx_hal_pwr.o
LOAD ./Drivers/STM32F1xx_HAL_Driver/Src/stm32f1xx_hal_rcc.o
LOAD ./Drivers/STM32F1xx_HAL_Driver/Src/stm32f1xx_hal_rcc_ex.o
LOAD ./Drivers/STM32F1xx_HAL_Driver/Src/stm32f1xx_hal_spi.o
LOAD ./Drivers/STM32F1xx_HAL_Driver/Src/stm32f1xx_hal_tim.o
LOAD ./Drivers/STM32F1xx_HAL_Driver/Src/stm32f1xx_hal_tim_ex.o
LOAD ./Drivers/STM32F1xx_HAL_Driver/Src/stm32f1xx_ll_usb.o
LOAD ./Middlewares/ST/STM32_USB_Device_Library/Class/CDC/Src/usbd_cdc.o
LOAD ./Middlewares/ST/STM32_USB_Device_Library/Core/Src/usbd_core.o
LOAD ./Middlewares/ST/STM32_USB_Device_Library/Core/Src/usbd_ctlreq.o
LOAD ./Middlewares/ST/STM32_USB_Device_Library/Core/Src/usbd_ioreq.o
LOAD ./USB_DEVICE/App/usb_device.o
LOAD ./USB_DEVICE/App/usbd_cdc_if.o
LOAD ./USB_DEVICE/App/usbd_desc.o
LOAD ./USB_DEVICE/Target/usbd_conf.o
START GROUP
LOAD C:/ST/STM32CubeIDE_1.13.2/STM32CubeIDE/plugins/com.st.stm32cube.ide.mcu.externaltools.gnu-tools-for-stm32.11.3.rel1.win32_1.1.1.202309131626/tools/bin/../lib/gcc/arm-none-eabi/11.3.1/../../../../arm-none-eabi/lib/thumb/v7-m/nofp\libc_nano.a
LOAD C:/ST/STM32CubeIDE_1.13.2/STM32CubeIDE/plugins/com.st.stm32cube.ide.mcu.externaltools.gnu-tools-for-stm32.11.3.rel1.win32_1.1.1.202309131626/tools/bin/../lib/gcc/arm-none-eabi/11.3.1/../../../../arm-none-eabi/lib/thumb/v7-m/nofp\libm.a
END GROUP
START GROUP
LOAD C:/ST/STM32CubeIDE_1.13.2/STM32CubeIDE/plugins/com.st.stm32cube.ide.mcu.externaltools.gnu-tools-for-stm32.11.3.rel1.win32_1.1.1.202309131626/tools/bin/../lib/gcc/arm-none-eabi/11.3.1/thumb/v7-m/nofp\libgcc.a
LOAD C:/ST/STM32CubeIDE_1.13.2/STM32CubeIDE/plugins/com.st.stm32cube.ide.mcu.externaltools.gnu-tools-for-stm32.11.3.rel1.win32_1.1.1.202309131626/tools/bin/../lib/gcc/arm-none-eabi/11.3.1/../../../../arm-none-eabi/lib/thumb/v7-m/nofp\libc_nano.a
END GROUP
START GROUP
LOAD C:/ST/STM32CubeIDE_1.13.2/STM32CubeIDE/plugins/com.st.stm32cube.ide.mcu.externaltools.gnu-tools-for-stm32.11.3.rel1.win32_1.1.1.202309131626/tools/bin/../lib/gcc/arm-none-eabi/11.3.1/thumb/v7-m/nofp\libgcc.a
LOAD C:/ST/STM32CubeIDE_1.13.2/STM32CubeIDE/plugins/com.st.stm32cube.ide.mcu.externaltools.gnu-tools-for-stm32.11.3.rel1.win32_1.1.1.202309131626/tools/bin/../lib/gcc/arm-none-eabi/11.3.1/../../../../arm-none-eabi/lib/thumb/v7-m/nofp\libc_nano.a
LOAD C:/ST/STM32CubeIDE_1.13.2/STM32CubeIDE/plugins/com.st.stm32cube.ide.mcu.externaltools.gnu-tools-for-stm32.11.3.rel1.win32_1.1.1.202309131626/tools/bin/../lib/gcc/arm-none-eabi/11.3.1/../../../../arm-none-eabi/lib/thumb/v7-m/nofp\libnosys.a
END GROUP
START GROUP
LOAD C:/ST/STM32CubeIDE_1.13.2/STM32CubeIDE/plugins/com.st.stm32cube.ide.mcu.externaltools.gnu-tools-for-stm32.11.3.rel1.win32_1.1.1.202309131626/tools/bin/../lib/gcc/arm-none-eabi/11.3.1/thumb/v7-m/nofp\libgcc.a
LOAD C:/ST/STM32CubeIDE_1.13.2/STM32CubeIDE/plugins/com.st.stm32cube.ide.mcu.externaltools.gnu-tools-for-stm32.11.3.rel1.win32_1.1.1.202309131626/tools/bin/../lib/gcc/arm-none-eabi/11.3.1/../../../../arm-none-eabi/lib/thumb/v7-m/nofp\libc_nano.a
LOAD C:/ST/STM32CubeIDE_1.13.2/STM32CubeIDE/plugins/com.st.stm32cube.ide.mcu.externaltools.gnu-tools-for-stm32.11.3.rel1.win32_1.1.1.202309131626/tools/bin/../lib/gcc/arm-none-eabi/11.3.1/../../../../arm-none-eabi/lib/thumb/v7-m/nofp\libnosys.a
END GROUP
LOAD C:/ST/STM32CubeIDE_1.13.2/STM32CubeIDE/plugins/com.st.stm32cube.ide.mcu.externaltools.gnu-tools-for-stm32.11.3.rel1.win32_1.1.1.202309131626/tools/bin/../lib/gcc/arm-none-eabi/11.3.1/thumb/v7-m/nofp/crtend.o
LOAD C:/ST/STM32CubeIDE_1.13.2/STM32CubeIDE/plugins/com.st.stm32cube.ide.mcu.externaltools.gnu-tools-for-stm32.11.3.rel1.win32_1.1.1.202309131626/tools/bin/../lib/gcc/arm-none-eabi/11.3.1/thumb/v7-m/nofp/crtn.o
                0x0000000020005000                _estack = (ORIGIN (RAM) + LENGTH (RAM))
                0x0000000000000200                _Min_Heap_Size = 0x200
                0x0000000000000400                _Min_Stack_Size = 0x400

.isr_vector     0x0000000008000000      0x10c
                0x0000000008000000                . = ALIGN (0x4)
 *(.isr_vector)
 .isr_vector    0x0000000008000000      0x10c ./Core/Startup/startup_stm32f103c8tx.o
                0x0000000008000000                g_pfnVectors
                0x000000000800010c                . = ALIGN (0x4)

.text           0x000000000800010c     0xb928
                0x000000000800010c                . = ALIGN (0x4)
 *(.text)
 .text          0x000000000800010c       0x40 C:/ST/STM32CubeIDE_1.13.2/STM32CubeIDE/plugins/com.st.stm32cube.ide.mcu.externaltools.gnu-tools-for-stm32.11.3.rel1.win32_1.1.1.202309131626/tools/bin/../lib/gcc/arm-none-eabi/11.3.1/thumb/v7-m/nofp/crtbegin.o
 .text          0x000000000800014c       0x10 C:/ST/STM32CubeIDE_1.13.2/STM32CubeIDE/plugins/com.st.stm32cube.ide.mcu.externaltools.gnu-tools-for-stm32.11.3.rel1.win32_1.1.1.202309131626/tools/bin/../lib/gcc/arm-none-eabi/11.3.1/../../../../arm-none-eabi/lib/thumb/v7-m/nofp\libc_nano.a(libc_a-strlen.o)
                0x000000000800014c                strlen
 *(.text*)
 .text.LCD_I2C_cmd
                0x000000000800015c       0x64 ./Core/Src/LCD_I2C.o
                0x000000000800015c                LCD_I2C_cmd
 .text.LCD_I2C_char
                0x00000000080001c0       0x70 ./Core/Src/LCD_I2C.o
                0x00000000080001c0                LCD_I2C_char
 .text.LCD_I2C_init
                0x0000000008000230       0x26 ./Core/Src/LCD_I2C.o
                0x0000000008000230                LCD_I2C_init
 .text.LCD_I2C_write_text
                0x0000000008000256       0x2a ./Core/Src/LCD_I2C.o
                0x0000000008000256                LCD_I2C_write_text
 .text.keypad_init
                0x0000000008000280       0xc8 ./Core/Src/keypad_lib.o
                0x0000000008000280                keypad_init
 .text.keypad_scan
                0x0000000008000348      0x1e8 ./Core/Src/keypad_lib.o
                0x0000000008000348                keypad_scan
 .text.tipo_dato
                0x0000000008000530       0x50 ./Core/Src/keypad_lib.o
                0x0000000008000530                tipo_dato
 .text.main     0x0000000008000580      0x2c0 ./Core/Src/main.o
                0x0000000008000580                main
 .text.SystemClock_Config
                0x0000000008000840       0xba ./Core/Src/main.o
                0x0000000008000840                SystemClock_Config
 *fill*         0x00000000080008fa        0x2 
 .text.MX_ADC1_Init
                0x00000000080008fc       0xd4 ./Core/Src/main.o
 .text.MX_I2C1_Init
                0x00000000080009d0       0x5c ./Core/Src/main.o
 .text.MX_SPI1_Init
                0x0000000008000a2c       0x70 ./Core/Src/main.o
 .text.MX_TIM2_Init
                0x0000000008000a9c       0x9c ./Core/Src/main.o
 .text.MX_TIM3_Init
                0x0000000008000b38       0x9c ./Core/Src/main.o
 .text.MX_DMA_Init
                0x0000000008000bd4       0x2c ./Core/Src/main.o
 .text.MX_GPIO_Init
                0x0000000008000c00      0x150 ./Core/Src/main.o
 .text.HAL_GPIO_EXTI_Callback
                0x0000000008000d50       0x78 ./Core/Src/main.o
                0x0000000008000d50                HAL_GPIO_EXTI_Callback
 .text.HAL_TIM_PeriodElapsedCallback
                0x0000000008000dc8       0x80 ./Core/Src/main.o
                0x0000000008000dc8                HAL_TIM_PeriodElapsedCallback
 .text.agregar_digito
                0x0000000008000e48       0x38 ./Core/Src/main.o
                0x0000000008000e48                agregar_digito
 .text.borrar_ultimo_digito
                0x0000000008000e80       0x2a ./Core/Src/main.o
                0x0000000008000e80                borrar_ultimo_digito
 *fill*         0x0000000008000eaa        0x2 
 .text.enviar_spi_dac
                0x0000000008000eac       0x60 ./Core/Src/main.o
                0x0000000008000eac                enviar_spi_dac
 .text.validar_ADC
                0x0000000008000f0c       0xd8 ./Core/Src/main.o
                0x0000000008000f0c                validar_ADC
 .text.display_update_conf
                0x0000000008000fe4      0x140 ./Core/Src/main.o
                0x0000000008000fe4                display_update_conf
 .text.display_update_stat
                0x0000000008001124      0x2a8 ./Core/Src/main.o
                0x0000000008001124                display_update_stat
 .text.modo_usb
                0x00000000080013cc      0x200 ./Core/Src/main.o
                0x00000000080013cc                modo_usb
 .text.display_update_running
                0x00000000080015cc      0x1d0 ./Core/Src/main.o
                0x00000000080015cc                display_update_running
 .text.control_carga
                0x000000000800179c      0x12c ./Core/Src/main.o
                0x000000000800179c                control_carga
 .text.Error_Handler
                0x00000000080018c8        0xa ./Core/Src/main.o
                0x00000000080018c8                Error_Handler
 *fill*         0x00000000080018d2        0x2 
 .text.HAL_MspInit
                0x00000000080018d4       0x64 ./Core/Src/stm32f1xx_hal_msp.o
                0x00000000080018d4                HAL_MspInit
 .text.HAL_ADC_MspInit
                0x0000000008001938       0xd0 ./Core/Src/stm32f1xx_hal_msp.o
                0x0000000008001938                HAL_ADC_MspInit
 .text.HAL_I2C_MspInit
                0x0000000008001a08       0x7c ./Core/Src/stm32f1xx_hal_msp.o
                0x0000000008001a08                HAL_I2C_MspInit
 .text.HAL_SPI_MspInit
                0x0000000008001a84       0x7c ./Core/Src/stm32f1xx_hal_msp.o
                0x0000000008001a84                HAL_SPI_MspInit
 .text.HAL_TIM_Base_MspInit
                0x0000000008001b00       0x80 ./Core/Src/stm32f1xx_hal_msp.o
                0x0000000008001b00                HAL_TIM_Base_MspInit
 .text.NMI_Handler
                0x0000000008001b80        0x6 ./Core/Src/stm32f1xx_it.o
                0x0000000008001b80                NMI_Handler
 .text.HardFault_Handler
                0x0000000008001b86        0x6 ./Core/Src/stm32f1xx_it.o
                0x0000000008001b86                HardFault_Handler
 .text.MemManage_Handler
                0x0000000008001b8c        0x6 ./Core/Src/stm32f1xx_it.o
                0x0000000008001b8c                MemManage_Handler
 .text.BusFault_Handler
                0x0000000008001b92        0x6 ./Core/Src/stm32f1xx_it.o
                0x0000000008001b92                BusFault_Handler
 .text.UsageFault_Handler
                0x0000000008001b98        0x6 ./Core/Src/stm32f1xx_it.o
                0x0000000008001b98                UsageFault_Handler
 .text.SVC_Handler
                0x0000000008001b9e        0xc ./Core/Src/stm32f1xx_it.o
                0x0000000008001b9e                SVC_Handler
 .text.DebugMon_Handler
                0x0000000008001baa        0xc ./Core/Src/stm32f1xx_it.o
                0x0000000008001baa                DebugMon_Handler
 .text.PendSV_Handler
                0x0000000008001bb6        0xc ./Core/Src/stm32f1xx_it.o
                0x0000000008001bb6                PendSV_Handler
 .text.SysTick_Handler
                0x0000000008001bc2        0xc ./Core/Src/stm32f1xx_it.o
                0x0000000008001bc2                SysTick_Handler
 *fill*         0x0000000008001bce        0x2 
 .text.USB_LP_CAN1_RX0_IRQHandler
                0x0000000008001bd0       0x14 ./Core/Src/stm32f1xx_it.o
                0x0000000008001bd0                USB_LP_CAN1_RX0_IRQHandler
 .text.EXTI9_5_IRQHandler
                0x0000000008001be4       0x10 ./Core/Src/stm32f1xx_it.o
                0x0000000008001be4                EXTI9_5_IRQHandler
 .text.TIM2_IRQHandler
                0x0000000008001bf4       0x14 ./Core/Src/stm32f1xx_it.o
                0x0000000008001bf4                TIM2_IRQHandler
 .text.TIM3_IRQHandler
                0x0000000008001c08       0x14 ./Core/Src/stm32f1xx_it.o
                0x0000000008001c08                TIM3_IRQHandler
 .text._sbrk    0x0000000008001c1c       0x6c ./Core/Src/sysmem.o
                0x0000000008001c1c                _sbrk
 .text.SystemInit
                0x0000000008001c88        0xc ./Core/Src/system_stm32f1xx.o
                0x0000000008001c88                SystemInit
 .text.Reset_Handler
                0x0000000008001c94       0x48 ./Core/Startup/startup_stm32f103c8tx.o
                0x0000000008001c94                Reset_Handler
 .text.Default_Handler
                0x0000000008001cdc        0x2 ./Core/Startup/startup_stm32f103c8tx.o
                0x0000000008001cdc                RTC_Alarm_IRQHandler
                0x0000000008001cdc                EXTI2_IRQHandler
                0x0000000008001cdc                TIM1_CC_IRQHandler
                0x0000000008001cdc                PVD_IRQHandler
                0x0000000008001cdc                EXTI3_IRQHandler
                0x0000000008001cdc                EXTI0_IRQHandler
                0x0000000008001cdc                I2C2_EV_IRQHandler
                0x0000000008001cdc                ADC1_2_IRQHandler
                0x0000000008001cdc                SPI1_IRQHandler
                0x0000000008001cdc                TAMPER_IRQHandler
                0x0000000008001cdc                DMA1_Channel4_IRQHandler
                0x0000000008001cdc                USART3_IRQHandler
                0x0000000008001cdc                RTC_IRQHandler
                0x0000000008001cdc                DMA1_Channel7_IRQHandler
                0x0000000008001cdc                CAN1_RX1_IRQHandler
                0x0000000008001cdc                TIM4_IRQHandler
                0x0000000008001cdc                I2C1_EV_IRQHandler
                0x0000000008001cdc                DMA1_Channel6_IRQHandler
                0x0000000008001cdc                RCC_IRQHandler
                0x0000000008001cdc                TIM1_TRG_COM_IRQHandler
                0x0000000008001cdc                DMA1_Channel1_IRQHandler
                0x0000000008001cdc                Default_Handler
                0x0000000008001cdc                EXTI15_10_IRQHandler
                0x0000000008001cdc                SPI2_IRQHandler
                0x0000000008001cdc                DMA1_Channel5_IRQHandler
                0x0000000008001cdc                EXTI4_IRQHandler
                0x0000000008001cdc                USB_HP_CAN1_TX_IRQHandler
                0x0000000008001cdc                DMA1_Channel3_IRQHandler
                0x0000000008001cdc                TIM1_UP_IRQHandler
                0x0000000008001cdc                WWDG_IRQHandler
                0x0000000008001cdc                TIM1_BRK_IRQHandler
                0x0000000008001cdc                EXTI1_IRQHandler
                0x0000000008001cdc                USART2_IRQHandler
                0x0000000008001cdc                I2C2_ER_IRQHandler
                0x0000000008001cdc                DMA1_Channel2_IRQHandler
                0x0000000008001cdc                CAN1_SCE_IRQHandler
                0x0000000008001cdc                FLASH_IRQHandler
                0x0000000008001cdc                USART1_IRQHandler
                0x0000000008001cdc                I2C1_ER_IRQHandler
                0x0000000008001cdc                USBWakeUp_IRQHandler
 *fill*         0x0000000008001cde        0x2 
 .text.HAL_Init
                0x0000000008001ce0       0x2c ./Drivers/STM32F1xx_HAL_Driver/Src/stm32f1xx_hal.o
                0x0000000008001ce0                HAL_Init
 .text.HAL_InitTick
                0x0000000008001d0c       0x60 ./Drivers/STM32F1xx_HAL_Driver/Src/stm32f1xx_hal.o
                0x0000000008001d0c                HAL_InitTick
 .text.HAL_IncTick
                0x0000000008001d6c       0x24 ./Drivers/STM32F1xx_HAL_Driver/Src/stm32f1xx_hal.o
                0x0000000008001d6c                HAL_IncTick
 .text.HAL_GetTick
                0x0000000008001d90       0x14 ./Drivers/STM32F1xx_HAL_Driver/Src/stm32f1xx_hal.o
                0x0000000008001d90                HAL_GetTick
 .text.HAL_Delay
                0x0000000008001da4       0x48 ./Drivers/STM32F1xx_HAL_Driver/Src/stm32f1xx_hal.o
                0x0000000008001da4                HAL_Delay
 .text.HAL_ADC_Init
                0x0000000008001dec      0x1b0 ./Drivers/STM32F1xx_HAL_Driver/Src/stm32f1xx_hal_adc.o
                0x0000000008001dec                HAL_ADC_Init
 .text.HAL_ADC_Start_DMA
                0x0000000008001f9c      0x1bc ./Drivers/STM32F1xx_HAL_Driver/Src/stm32f1xx_hal_adc.o
                0x0000000008001f9c                HAL_ADC_Start_DMA
 .text.HAL_ADC_ConvCpltCallback
                0x0000000008002158       0x12 ./Drivers/STM32F1xx_HAL_Driver/Src/stm32f1xx_hal_adc.o
                0x0000000008002158                HAL_ADC_ConvCpltCallback
 .text.HAL_ADC_ConvHalfCpltCallback
                0x000000000800216a       0x12 ./Drivers/STM32F1xx_HAL_Driver/Src/stm32f1xx_hal_adc.o
                0x000000000800216a                HAL_ADC_ConvHalfCpltCallback
 .text.HAL_ADC_ErrorCallback
                0x000000000800217c       0x12 ./Drivers/STM32F1xx_HAL_Driver/Src/stm32f1xx_hal_adc.o
                0x000000000800217c                HAL_ADC_ErrorCallback
 *fill*         0x000000000800218e        0x2 
 .text.HAL_ADC_ConfigChannel
                0x0000000008002190      0x1f0 ./Drivers/STM32F1xx_HAL_Driver/Src/stm32f1xx_hal_adc.o
                0x0000000008002190                HAL_ADC_ConfigChannel
 .text.ADC_Enable
                0x0000000008002380       0xb4 ./Drivers/STM32F1xx_HAL_Driver/Src/stm32f1xx_hal_adc.o
                0x0000000008002380                ADC_Enable
 .text.ADC_ConversionStop_Disable
                0x0000000008002434       0x82 ./Drivers/STM32F1xx_HAL_Driver/Src/stm32f1xx_hal_adc.o
                0x0000000008002434                ADC_ConversionStop_Disable
 .text.ADC_DMAConvCplt
                0x00000000080024b6       0x7c ./Drivers/STM32F1xx_HAL_Driver/Src/stm32f1xx_hal_adc.o
                0x00000000080024b6                ADC_DMAConvCplt
 .text.ADC_DMAHalfConvCplt
                0x0000000008002532       0x1c ./Drivers/STM32F1xx_HAL_Driver/Src/stm32f1xx_hal_adc.o
                0x0000000008002532                ADC_DMAHalfConvCplt
 .text.ADC_DMAError
                0x000000000800254e       0x34 ./Drivers/STM32F1xx_HAL_Driver/Src/stm32f1xx_hal_adc.o
                0x000000000800254e                ADC_DMAError
 *fill*         0x0000000008002582        0x2 
 .text.__NVIC_SetPriorityGrouping
                0x0000000008002584       0x48 ./Drivers/STM32F1xx_HAL_Driver/Src/stm32f1xx_hal_cortex.o
 .text.__NVIC_GetPriorityGrouping
                0x00000000080025cc       0x1c ./Drivers/STM32F1xx_HAL_Driver/Src/stm32f1xx_hal_cortex.o
 .text.__NVIC_EnableIRQ
                0x00000000080025e8       0x38 ./Drivers/STM32F1xx_HAL_Driver/Src/stm32f1xx_hal_cortex.o
 .text.__NVIC_SetPriority
                0x0000000008002620       0x54 ./Drivers/STM32F1xx_HAL_Driver/Src/stm32f1xx_hal_cortex.o
 .text.NVIC_EncodePriority
                0x0000000008002674       0x64 ./Drivers/STM32F1xx_HAL_Driver/Src/stm32f1xx_hal_cortex.o
 .text.SysTick_Config
                0x00000000080026d8       0x44 ./Drivers/STM32F1xx_HAL_Driver/Src/stm32f1xx_hal_cortex.o
 .text.HAL_NVIC_SetPriorityGrouping
                0x000000000800271c       0x16 ./Drivers/STM32F1xx_HAL_Driver/Src/stm32f1xx_hal_cortex.o
                0x000000000800271c                HAL_NVIC_SetPriorityGrouping
 .text.HAL_NVIC_SetPriority
                0x0000000008002732       0x38 ./Drivers/STM32F1xx_HAL_Driver/Src/stm32f1xx_hal_cortex.o
                0x0000000008002732                HAL_NVIC_SetPriority
 .text.HAL_NVIC_EnableIRQ
                0x000000000800276a       0x1c ./Drivers/STM32F1xx_HAL_Driver/Src/stm32f1xx_hal_cortex.o
                0x000000000800276a                HAL_NVIC_EnableIRQ
 .text.HAL_SYSTICK_Config
                0x0000000008002786       0x18 ./Drivers/STM32F1xx_HAL_Driver/Src/stm32f1xx_hal_cortex.o
                0x0000000008002786                HAL_SYSTICK_Config
 *fill*         0x000000000800279e        0x2 
 .text.HAL_DMA_Init
                0x00000000080027a0       0xb4 ./Drivers/STM32F1xx_HAL_Driver/Src/stm32f1xx_hal_dma.o
                0x00000000080027a0                HAL_DMA_Init
 .text.HAL_DMA_Start_IT
                0x0000000008002854       0xc0 ./Drivers/STM32F1xx_HAL_Driver/Src/stm32f1xx_hal_dma.o
                0x0000000008002854                HAL_DMA_Start_IT
 .text.DMA_SetConfig
                0x0000000008002914       0x5a ./Drivers/STM32F1xx_HAL_Driver/Src/stm32f1xx_hal_dma.o
 *fill*         0x000000000800296e        0x2 
 .text.HAL_GPIO_Init
                0x0000000008002970      0x308 ./Drivers/STM32F1xx_HAL_Driver/Src/stm32f1xx_hal_gpio.o
                0x0000000008002970                HAL_GPIO_Init
 .text.HAL_GPIO_ReadPin
                0x0000000008002c78       0x2e ./Drivers/STM32F1xx_HAL_Driver/Src/stm32f1xx_hal_gpio.o
                0x0000000008002c78                HAL_GPIO_ReadPin
 .text.HAL_GPIO_WritePin
                0x0000000008002ca6       0x30 ./Drivers/STM32F1xx_HAL_Driver/Src/stm32f1xx_hal_gpio.o
                0x0000000008002ca6                HAL_GPIO_WritePin
 .text.HAL_GPIO_TogglePin
                0x0000000008002cd6       0x32 ./Drivers/STM32F1xx_HAL_Driver/Src/stm32f1xx_hal_gpio.o
                0x0000000008002cd6                HAL_GPIO_TogglePin
 .text.HAL_GPIO_EXTI_IRQHandler
                0x0000000008002d08       0x30 ./Drivers/STM32F1xx_HAL_Driver/Src/stm32f1xx_hal_gpio.o
                0x0000000008002d08                HAL_GPIO_EXTI_IRQHandler
 .text.HAL_I2C_Init
                0x0000000008002d38      0x288 ./Drivers/STM32F1xx_HAL_Driver/Src/stm32f1xx_hal_i2c.o
                0x0000000008002d38                HAL_I2C_Init
 .text.HAL_I2C_Master_Transmit
                0x0000000008002fc0      0x1fc ./Drivers/STM32F1xx_HAL_Driver/Src/stm32f1xx_hal_i2c.o
                0x0000000008002fc0                HAL_I2C_Master_Transmit
 .text.HAL_I2C_GetState
                0x00000000080031bc       0x1a ./Drivers/STM32F1xx_HAL_Driver/Src/stm32f1xx_hal_i2c.o
                0x00000000080031bc                HAL_I2C_GetState
 *fill*         0x00000000080031d6        0x2 
 .text.I2C_MasterRequestWrite
                0x00000000080031d8      0x104 ./Drivers/STM32F1xx_HAL_Driver/Src/stm32f1xx_hal_i2c.o
 .text.I2C_WaitOnFlagUntilTimeout
                0x00000000080032dc       0xf4 ./Drivers/STM32F1xx_HAL_Driver/Src/stm32f1xx_hal_i2c.o
 .text.I2C_WaitOnMasterAddressFlagUntilTimeout
                0x00000000080033d0      0x140 ./Drivers/STM32F1xx_HAL_Driver/Src/stm32f1xx_hal_i2c.o
 .text.I2C_WaitOnTXEFlagUntilTimeout
                0x0000000008003510       0x90 ./Drivers/STM32F1xx_HAL_Driver/Src/stm32f1xx_hal_i2c.o
 .text.I2C_WaitOnBTFFlagUntilTimeout
                0x00000000080035a0       0x90 ./Drivers/STM32F1xx_HAL_Driver/Src/stm32f1xx_hal_i2c.o
 .text.I2C_IsAcknowledgeFailed
                0x0000000008003630       0x5c ./Drivers/STM32F1xx_HAL_Driver/Src/stm32f1xx_hal_i2c.o
 .text.HAL_PCD_Init
                0x000000000800368c      0x1fe ./Drivers/STM32F1xx_HAL_Driver/Src/stm32f1xx_hal_pcd.o
                0x000000000800368c                HAL_PCD_Init
 .text.HAL_PCD_Start
                0x000000000800388a       0x4c ./Drivers/STM32F1xx_HAL_Driver/Src/stm32f1xx_hal_pcd.o
                0x000000000800388a                HAL_PCD_Start
 .text.HAL_PCD_IRQHandler
                0x00000000080038d6      0x260 ./Drivers/STM32F1xx_HAL_Driver/Src/stm32f1xx_hal_pcd.o
                0x00000000080038d6                HAL_PCD_IRQHandler
 .text.HAL_PCD_SetAddress
                0x0000000008003b36       0x4a ./Drivers/STM32F1xx_HAL_Driver/Src/stm32f1xx_hal_pcd.o
                0x0000000008003b36                HAL_PCD_SetAddress
 .text.HAL_PCD_EP_Open
                0x0000000008003b80       0xba ./Drivers/STM32F1xx_HAL_Driver/Src/stm32f1xx_hal_pcd.o
                0x0000000008003b80                HAL_PCD_EP_Open
 .text.HAL_PCD_EP_Close
                0x0000000008003c3a       0x90 ./Drivers/STM32F1xx_HAL_Driver/Src/stm32f1xx_hal_pcd.o
                0x0000000008003c3a                HAL_PCD_EP_Close
 .text.HAL_PCD_EP_Receive
                0x0000000008003cca       0x62 ./Drivers/STM32F1xx_HAL_Driver/Src/stm32f1xx_hal_pcd.o
                0x0000000008003cca                HAL_PCD_EP_Receive
 .text.HAL_PCD_EP_GetRxCount
                0x0000000008003d2c       0x2e ./Drivers/STM32F1xx_HAL_Driver/Src/stm32f1xx_hal_pcd.o
                0x0000000008003d2c                HAL_PCD_EP_GetRxCount
 .text.HAL_PCD_EP_Transmit
                0x0000000008003d5a       0x6e ./Drivers/STM32F1xx_HAL_Driver/Src/stm32f1xx_hal_pcd.o
                0x0000000008003d5a                HAL_PCD_EP_Transmit
 .text.HAL_PCD_EP_SetStall
                0x0000000008003dc8       0xc0 ./Drivers/STM32F1xx_HAL_Driver/Src/stm32f1xx_hal_pcd.o
                0x0000000008003dc8                HAL_PCD_EP_SetStall
 .text.HAL_PCD_EP_ClrStall
                0x0000000008003e88       0xa8 ./Drivers/STM32F1xx_HAL_Driver/Src/stm32f1xx_hal_pcd.o
                0x0000000008003e88                HAL_PCD_EP_ClrStall
 .text.PCD_EP_ISR_Handler
                0x0000000008003f30      0x7a6 ./Drivers/STM32F1xx_HAL_Driver/Src/stm32f1xx_hal_pcd.o
 .text.HAL_PCD_EP_DB_Receive
                0x00000000080046d6      0x21a ./Drivers/STM32F1xx_HAL_Driver/Src/stm32f1xx_hal_pcd.o
 .text.HAL_PCD_EP_DB_Transmit
                0x00000000080048f0      0x7f4 ./Drivers/STM32F1xx_HAL_Driver/Src/stm32f1xx_hal_pcd.o
 .text.HAL_PCDEx_PMAConfig
                0x00000000080050e4       0x84 ./Drivers/STM32F1xx_HAL_Driver/Src/stm32f1xx_hal_pcd_ex.o
                0x00000000080050e4                HAL_PCDEx_PMAConfig
 .text.HAL_RCC_OscConfig
                0x0000000008005168      0x504 ./Drivers/STM32F1xx_HAL_Driver/Src/stm32f1xx_hal_rcc.o
                0x0000000008005168                HAL_RCC_OscConfig
 .text.HAL_RCC_ClockConfig
                0x000000000800566c      0x1d4 ./Drivers/STM32F1xx_HAL_Driver/Src/stm32f1xx_hal_rcc.o
                0x000000000800566c                HAL_RCC_ClockConfig
 .text.HAL_RCC_GetSysClockFreq
                0x0000000008005840       0xa8 ./Drivers/STM32F1xx_HAL_Driver/Src/stm32f1xx_hal_rcc.o
                0x0000000008005840                HAL_RCC_GetSysClockFreq
 .text.HAL_RCC_GetHCLKFreq
                0x00000000080058e8       0x14 ./Drivers/STM32F1xx_HAL_Driver/Src/stm32f1xx_hal_rcc.o
                0x00000000080058e8                HAL_RCC_GetHCLKFreq
 .text.HAL_RCC_GetPCLK1Freq
                0x00000000080058fc       0x28 ./Drivers/STM32F1xx_HAL_Driver/Src/stm32f1xx_hal_rcc.o
                0x00000000080058fc                HAL_RCC_GetPCLK1Freq
 .text.RCC_Delay
                0x0000000008005924       0x3c ./Drivers/STM32F1xx_HAL_Driver/Src/stm32f1xx_hal_rcc.o
 .text.HAL_RCCEx_PeriphCLKConfig
                0x0000000008005960      0x16c ./Drivers/STM32F1xx_HAL_Driver/Src/stm32f1xx_hal_rcc_ex.o
                0x0000000008005960                HAL_RCCEx_PeriphCLKConfig
 .text.HAL_SPI_Init
                0x0000000008005acc      0x108 ./Drivers/STM32F1xx_HAL_Driver/Src/stm32f1xx_hal_spi.o
                0x0000000008005acc                HAL_SPI_Init
 .text.HAL_SPI_Transmit
                0x0000000008005bd4      0x286 ./Drivers/STM32F1xx_HAL_Driver/Src/stm32f1xx_hal_spi.o
                0x0000000008005bd4                HAL_SPI_Transmit
 .text.HAL_SPI_GetState
                0x0000000008005e5a       0x1a ./Drivers/STM32F1xx_HAL_Driver/Src/stm32f1xx_hal_spi.o
                0x0000000008005e5a                HAL_SPI_GetState
 .text.SPI_WaitFlagStateUntilTimeout
                0x0000000008005e74      0x110 ./Drivers/STM32F1xx_HAL_Driver/Src/stm32f1xx_hal_spi.o
 .text.SPI_EndRxTxTransaction
                0x0000000008005f84       0x3c ./Drivers/STM32F1xx_HAL_Driver/Src/stm32f1xx_hal_spi.o
 .text.HAL_TIM_Base_Init
                0x0000000008005fc0       0x9e ./Drivers/STM32F1xx_HAL_Driver/Src/stm32f1xx_hal_tim.o
                0x0000000008005fc0                HAL_TIM_Base_Init
 *fill*         0x000000000800605e        0x2 
 .text.HAL_TIM_Base_Start_IT
                0x0000000008006060       0xa4 ./Drivers/STM32F1xx_HAL_Driver/Src/stm32f1xx_hal_tim.o
                0x0000000008006060                HAL_TIM_Base_Start_IT
 .text.HAL_TIM_IRQHandler
                0x0000000008006104      0x210 ./Drivers/STM32F1xx_HAL_Driver/Src/stm32f1xx_hal_tim.o
                0x0000000008006104                HAL_TIM_IRQHandler
 .text.HAL_TIM_ConfigClockSource
                0x0000000008006314      0x18e ./Drivers/STM32F1xx_HAL_Driver/Src/stm32f1xx_hal_tim.o
                0x0000000008006314                HAL_TIM_ConfigClockSource
 .text.HAL_TIM_OC_DelayElapsedCallback
                0x00000000080064a2       0x12 ./Drivers/STM32F1xx_HAL_Driver/Src/stm32f1xx_hal_tim.o
                0x00000000080064a2                HAL_TIM_OC_DelayElapsedCallback
 .text.HAL_TIM_IC_CaptureCallback
                0x00000000080064b4       0x12 ./Drivers/STM32F1xx_HAL_Driver/Src/stm32f1xx_hal_tim.o
                0x00000000080064b4                HAL_TIM_IC_CaptureCallback
 .text.HAL_TIM_PWM_PulseFinishedCallback
                0x00000000080064c6       0x12 ./Drivers/STM32F1xx_HAL_Driver/Src/stm32f1xx_hal_tim.o
                0x00000000080064c6                HAL_TIM_PWM_PulseFinishedCallback
 .text.HAL_TIM_TriggerCallback
                0x00000000080064d8       0x12 ./Drivers/STM32F1xx_HAL_Driver/Src/stm32f1xx_hal_tim.o
                0x00000000080064d8                HAL_TIM_TriggerCallback
 *fill*         0x00000000080064ea        0x2 
 .text.TIM_Base_SetConfig
                0x00000000080064ec       0xc4 ./Drivers/STM32F1xx_HAL_Driver/Src/stm32f1xx_hal_tim.o
                0x00000000080064ec                TIM_Base_SetConfig
 .text.TIM_TI1_ConfigInputStage
                0x00000000080065b0       0x5c ./Drivers/STM32F1xx_HAL_Driver/Src/stm32f1xx_hal_tim.o
 .text.TIM_TI2_ConfigInputStage
                0x000000000800660c       0x5e ./Drivers/STM32F1xx_HAL_Driver/Src/stm32f1xx_hal_tim.o
 .text.TIM_ITRx_SetConfig
                0x000000000800666a       0x34 ./Drivers/STM32F1xx_HAL_Driver/Src/stm32f1xx_hal_tim.o
 .text.TIM_ETR_SetConfig
                0x000000000800669e       0x3e ./Drivers/STM32F1xx_HAL_Driver/Src/stm32f1xx_hal_tim.o
                0x000000000800669e                TIM_ETR_SetConfig
 .text.HAL_TIMEx_MasterConfigSynchronization
                0x00000000080066dc       0xbc ./Drivers/STM32F1xx_HAL_Driver/Src/stm32f1xx_hal_tim_ex.o
                0x00000000080066dc                HAL_TIMEx_MasterConfigSynchronization
 .text.HAL_TIMEx_CommutCallback
                0x0000000008006798       0x12 ./Drivers/STM32F1xx_HAL_Driver/Src/stm32f1xx_hal_tim_ex.o
                0x0000000008006798                HAL_TIMEx_CommutCallback
 .text.HAL_TIMEx_BreakCallback
                0x00000000080067aa       0x12 ./Drivers/STM32F1xx_HAL_Driver/Src/stm32f1xx_hal_tim_ex.o
                0x00000000080067aa                HAL_TIMEx_BreakCallback
 .text.USB_CoreInit
                0x00000000080067bc       0x20 ./Drivers/STM32F1xx_HAL_Driver/Src/stm32f1xx_ll_usb.o
                0x00000000080067bc                USB_CoreInit
 .text.USB_EnableGlobalInt
                0x00000000080067dc       0x2c ./Drivers/STM32F1xx_HAL_Driver/Src/stm32f1xx_ll_usb.o
                0x00000000080067dc                USB_EnableGlobalInt
 .text.USB_DisableGlobalInt
                0x0000000008006808       0x34 ./Drivers/STM32F1xx_HAL_Driver/Src/stm32f1xx_ll_usb.o
                0x0000000008006808                USB_DisableGlobalInt
 .text.USB_SetCurrentMode
                0x000000000800683c       0x18 ./Drivers/STM32F1xx_HAL_Driver/Src/stm32f1xx_ll_usb.o
                0x000000000800683c                USB_SetCurrentMode
 .text.USB_DevInit
                0x0000000008006854       0x40 ./Drivers/STM32F1xx_HAL_Driver/Src/stm32f1xx_ll_usb.o
                0x0000000008006854                USB_DevInit
 .text.USB_ActivateEndpoint
                0x0000000008006894      0x780 ./Drivers/STM32F1xx_HAL_Driver/Src/stm32f1xx_ll_usb.o
                0x0000000008006894                USB_ActivateEndpoint
 .text.USB_DeactivateEndpoint
                0x0000000008007014      0x3d8 ./Drivers/STM32F1xx_HAL_Driver/Src/stm32f1xx_ll_usb.o
                0x0000000008007014                USB_DeactivateEndpoint
 .text.USB_EPStartXfer
                0x00000000080073ec     0x1762 ./Drivers/STM32F1xx_HAL_Driver/Src/stm32f1xx_ll_usb.o
                0x00000000080073ec                USB_EPStartXfer
 .text.USB_EPSetStall
                0x0000000008008b4e       0xa0 ./Drivers/STM32F1xx_HAL_Driver/Src/stm32f1xx_ll_usb.o
                0x0000000008008b4e                USB_EPSetStall
 .text.USB_EPClearStall
                0x0000000008008bee      0x15a ./Drivers/STM32F1xx_HAL_Driver/Src/stm32f1xx_ll_usb.o
                0x0000000008008bee                USB_EPClearStall
 .text.USB_SetDevAddress
                0x0000000008008d48       0x26 ./Drivers/STM32F1xx_HAL_Driver/Src/stm32f1xx_ll_usb.o
                0x0000000008008d48                USB_SetDevAddress
 .text.USB_DevConnect
                0x0000000008008d6e       0x14 ./Drivers/STM32F1xx_HAL_Driver/Src/stm32f1xx_ll_usb.o
                0x0000000008008d6e                USB_DevConnect
 .text.USB_DevDisconnect
                0x0000000008008d82       0x14 ./Drivers/STM32F1xx_HAL_Driver/Src/stm32f1xx_ll_usb.o
                0x0000000008008d82                USB_DevDisconnect
 .text.USB_ReadInterrupts
                0x0000000008008d96       0x1e ./Drivers/STM32F1xx_HAL_Driver/Src/stm32f1xx_ll_usb.o
                0x0000000008008d96                USB_ReadInterrupts
 .text.USB_EP0_OutStart
                0x0000000008008db4       0x16 ./Drivers/STM32F1xx_HAL_Driver/Src/stm32f1xx_ll_usb.o
                0x0000000008008db4                USB_EP0_OutStart
 .text.USB_WritePMA
                0x0000000008008dca       0x8a ./Drivers/STM32F1xx_HAL_Driver/Src/stm32f1xx_ll_usb.o
                0x0000000008008dca                USB_WritePMA
 .text.USB_ReadPMA
                0x0000000008008e54       0x9e ./Drivers/STM32F1xx_HAL_Driver/Src/stm32f1xx_ll_usb.o
                0x0000000008008e54                USB_ReadPMA
 .text.USBD_CDC_Init
                0x0000000008008ef2       0xf4 ./Middlewares/ST/STM32_USB_Device_Library/Class/CDC/Src/usbd_cdc.o
 .text.USBD_CDC_DeInit
                0x0000000008008fe6       0x6e ./Middlewares/ST/STM32_USB_Device_Library/Class/CDC/Src/usbd_cdc.o
 .text.USBD_CDC_Setup
                0x0000000008009054      0x146 ./Middlewares/ST/STM32_USB_Device_Library/Class/CDC/Src/usbd_cdc.o
 .text.USBD_CDC_DataIn
                0x000000000800919a       0xa6 ./Middlewares/ST/STM32_USB_Device_Library/Class/CDC/Src/usbd_cdc.o
 .text.USBD_CDC_DataOut
                0x0000000008009240       0x56 ./Middlewares/ST/STM32_USB_Device_Library/Class/CDC/Src/usbd_cdc.o
 .text.USBD_CDC_EP0_RxReady
                0x0000000008009296       0x50 ./Middlewares/ST/STM32_USB_Device_Library/Class/CDC/Src/usbd_cdc.o
 *fill*         0x00000000080092e6        0x2 
 .text.USBD_CDC_GetFSCfgDesc
                0x00000000080092e8       0x20 ./Middlewares/ST/STM32_USB_Device_Library/Class/CDC/Src/usbd_cdc.o
 .text.USBD_CDC_GetHSCfgDesc
                0x0000000008009308       0x20 ./Middlewares/ST/STM32_USB_Device_Library/Class/CDC/Src/usbd_cdc.o
 .text.USBD_CDC_GetOtherSpeedCfgDesc
                0x0000000008009328       0x20 ./Middlewares/ST/STM32_USB_Device_Library/Class/CDC/Src/usbd_cdc.o
 .text.USBD_CDC_GetDeviceQualifierDescriptor
                0x0000000008009348       0x20 ./Middlewares/ST/STM32_USB_Device_Library/Class/CDC/Src/usbd_cdc.o
                0x0000000008009348                USBD_CDC_GetDeviceQualifierDescriptor
 .text.USBD_CDC_RegisterInterface
                0x0000000008009368       0x2c ./Middlewares/ST/STM32_USB_Device_Library/Class/CDC/Src/usbd_cdc.o
                0x0000000008009368                USBD_CDC_RegisterInterface
 .text.USBD_CDC_SetTxBuffer
                0x0000000008009394       0x32 ./Middlewares/ST/STM32_USB_Device_Library/Class/CDC/Src/usbd_cdc.o
                0x0000000008009394                USBD_CDC_SetTxBuffer
 .text.USBD_CDC_SetRxBuffer
                0x00000000080093c6       0x26 ./Middlewares/ST/STM32_USB_Device_Library/Class/CDC/Src/usbd_cdc.o
                0x00000000080093c6                USBD_CDC_SetRxBuffer
 .text.USBD_CDC_TransmitPacket
                0x00000000080093ec       0x5e ./Middlewares/ST/STM32_USB_Device_Library/Class/CDC/Src/usbd_cdc.o
                0x00000000080093ec                USBD_CDC_TransmitPacket
 .text.USBD_CDC_ReceivePacket
                0x000000000800944a       0x54 ./Middlewares/ST/STM32_USB_Device_Library/Class/CDC/Src/usbd_cdc.o
                0x000000000800944a                USBD_CDC_ReceivePacket
 .text.USBD_Init
                0x000000000800949e       0x56 ./Middlewares/ST/STM32_USB_Device_Library/Core/Src/usbd_core.o
                0x000000000800949e                USBD_Init
 .text.USBD_RegisterClass
                0x00000000080094f4       0x32 ./Middlewares/ST/STM32_USB_Device_Library/Core/Src/usbd_core.o
                0x00000000080094f4                USBD_RegisterClass
 .text.USBD_Start
                0x0000000008009526       0x18 ./Middlewares/ST/STM32_USB_Device_Library/Core/Src/usbd_core.o
                0x0000000008009526                USBD_Start
 .text.USBD_RunTestMode
                0x000000000800953e       0x14 ./Middlewares/ST/STM32_USB_Device_Library/Core/Src/usbd_core.o
                0x000000000800953e                USBD_RunTestMode
 .text.USBD_SetClassConfig
                0x0000000008009552       0x3e ./Middlewares/ST/STM32_USB_Device_Library/Core/Src/usbd_core.o
                0x0000000008009552                USBD_SetClassConfig
 .text.USBD_ClrClassConfig
                0x0000000008009590       0x26 ./Middlewares/ST/STM32_USB_Device_Library/Core/Src/usbd_core.o
                0x0000000008009590                USBD_ClrClassConfig
 .text.USBD_LL_SetupStage
                0x00000000080095b6       0x9a ./Middlewares/ST/STM32_USB_Device_Library/Core/Src/usbd_core.o
                0x00000000080095b6                USBD_LL_SetupStage
 .text.USBD_LL_DataOutStage
                0x0000000008009650       0xe2 ./Middlewares/ST/STM32_USB_Device_Library/Core/Src/usbd_core.o
                0x0000000008009650                USBD_LL_DataOutStage
 .text.USBD_LL_DataInStage
                0x0000000008009732      0x14a ./Middlewares/ST/STM32_USB_Device_Library/Core/Src/usbd_core.o
                0x0000000008009732                USBD_LL_DataInStage
 .text.USBD_LL_Reset
                0x000000000800987c       0x82 ./Middlewares/ST/STM32_USB_Device_Library/Core/Src/usbd_core.o
                0x000000000800987c                USBD_LL_Reset
 .text.USBD_LL_SetSpeed
                0x00000000080098fe       0x1e ./Middlewares/ST/STM32_USB_Device_Library/Core/Src/usbd_core.o
                0x00000000080098fe                USBD_LL_SetSpeed
 .text.USBD_LL_Suspend
                0x000000000800991c       0x28 ./Middlewares/ST/STM32_USB_Device_Library/Core/Src/usbd_core.o
                0x000000000800991c                USBD_LL_Suspend
 .text.USBD_LL_Resume
                0x0000000008009944       0x2a ./Middlewares/ST/STM32_USB_Device_Library/Core/Src/usbd_core.o
                0x0000000008009944                USBD_LL_Resume
 .text.USBD_LL_SOF
                0x000000000800996e       0x34 ./Middlewares/ST/STM32_USB_Device_Library/Core/Src/usbd_core.o
                0x000000000800996e                USBD_LL_SOF
 *fill*         0x00000000080099a2        0x2 
 .text.USBD_StdDevReq
                0x00000000080099a4       0xd4 ./Middlewares/ST/STM32_USB_Device_Library/Core/Src/usbd_ctlreq.o
                0x00000000080099a4                USBD_StdDevReq
 .text.USBD_StdItfReq
                0x0000000008009a78       0x90 ./Middlewares/ST/STM32_USB_Device_Library/Core/Src/usbd_ctlreq.o
                0x0000000008009a78                USBD_StdItfReq
 .text.USBD_StdEPReq
                0x0000000008009b08      0x2c6 ./Middlewares/ST/STM32_USB_Device_Library/Core/Src/usbd_ctlreq.o
                0x0000000008009b08                USBD_StdEPReq
 *fill*         0x0000000008009dce        0x2 
 .text.USBD_GetDescriptor
                0x0000000008009dd0      0x2d0 ./Middlewares/ST/STM32_USB_Device_Library/Core/Src/usbd_ctlreq.o
 .text.USBD_SetAddress
                0x000000000800a0a0       0x86 ./Middlewares/ST/STM32_USB_Device_Library/Core/Src/usbd_ctlreq.o
 *fill*         0x000000000800a126        0x2 
 .text.USBD_SetConfig
                0x000000000800a128      0x11c ./Middlewares/ST/STM32_USB_Device_Library/Core/Src/usbd_ctlreq.o
 .text.USBD_GetConfig
                0x000000000800a244       0x6a ./Middlewares/ST/STM32_USB_Device_Library/Core/Src/usbd_ctlreq.o
 .text.USBD_GetStatus
                0x000000000800a2ae       0x66 ./Middlewares/ST/STM32_USB_Device_Library/Core/Src/usbd_ctlreq.o
 .text.USBD_SetFeature
                0x000000000800a314       0x28 ./Middlewares/ST/STM32_USB_Device_Library/Core/Src/usbd_ctlreq.o
 .text.USBD_ClrFeature
                0x000000000800a33c       0x42 ./Middlewares/ST/STM32_USB_Device_Library/Core/Src/usbd_ctlreq.o
 .text.USBD_ParseSetupRequest
                0x000000000800a37e       0x78 ./Middlewares/ST/STM32_USB_Device_Library/Core/Src/usbd_ctlreq.o
                0x000000000800a37e                USBD_ParseSetupRequest
 .text.USBD_CtlError
                0x000000000800a3f6       0x22 ./Middlewares/ST/STM32_USB_Device_Library/Core/Src/usbd_ctlreq.o
                0x000000000800a3f6                USBD_CtlError
 .text.USBD_GetString
                0x000000000800a418       0x84 ./Middlewares/ST/STM32_USB_Device_Library/Core/Src/usbd_ctlreq.o
                0x000000000800a418                USBD_GetString
 .text.USBD_GetLen
                0x000000000800a49c       0x2e ./Middlewares/ST/STM32_USB_Device_Library/Core/Src/usbd_ctlreq.o
 .text.USBD_CtlSendData
                0x000000000800a4ca       0x38 ./Middlewares/ST/STM32_USB_Device_Library/Core/Src/usbd_ioreq.o
                0x000000000800a4ca                USBD_CtlSendData
 .text.USBD_CtlContinueSendData
                0x000000000800a502       0x24 ./Middlewares/ST/STM32_USB_Device_Library/Core/Src/usbd_ioreq.o
                0x000000000800a502                USBD_CtlContinueSendData
 .text.USBD_CtlPrepareRx
                0x000000000800a526       0x3c ./Middlewares/ST/STM32_USB_Device_Library/Core/Src/usbd_ioreq.o
                0x000000000800a526                USBD_CtlPrepareRx
 .text.USBD_CtlContinueRx
                0x000000000800a562       0x24 ./Middlewares/ST/STM32_USB_Device_Library/Core/Src/usbd_ioreq.o
                0x000000000800a562                USBD_CtlContinueRx
 .text.USBD_CtlSendStatus
                0x000000000800a586       0x26 ./Middlewares/ST/STM32_USB_Device_Library/Core/Src/usbd_ioreq.o
                0x000000000800a586                USBD_CtlSendStatus
 .text.USBD_CtlReceiveStatus
                0x000000000800a5ac       0x26 ./Middlewares/ST/STM32_USB_Device_Library/Core/Src/usbd_ioreq.o
                0x000000000800a5ac                USBD_CtlReceiveStatus
 *fill*         0x000000000800a5d2        0x2 
 .text.MX_USB_DEVICE_Init
                0x000000000800a5d4       0x60 ./USB_DEVICE/App/usb_device.o
                0x000000000800a5d4                MX_USB_DEVICE_Init
 .text.CDC_Init_FS
                0x000000000800a634       0x28 ./USB_DEVICE/App/usbd_cdc_if.o
 .text.CDC_DeInit_FS
                0x000000000800a65c        0xe ./USB_DEVICE/App/usbd_cdc_if.o
 *fill*         0x000000000800a66a        0x2 
 .text.CDC_Control_FS
                0x000000000800a66c       0xbc ./USB_DEVICE/App/usbd_cdc_if.o
 .text.CDC_Receive_FS
                0x000000000800a728       0x54 ./USB_DEVICE/App/usbd_cdc_if.o
 .text.CDC_Transmit_FS
                0x000000000800a77c       0x4c ./USB_DEVICE/App/usbd_cdc_if.o
                0x000000000800a77c                CDC_Transmit_FS
 .text.USBD_FS_DeviceDescriptor
                0x000000000800a7c8       0x24 ./USB_DEVICE/App/usbd_desc.o
                0x000000000800a7c8                USBD_FS_DeviceDescriptor
 .text.USBD_FS_LangIDStrDescriptor
                0x000000000800a7ec       0x24 ./USB_DEVICE/App/usbd_desc.o
                0x000000000800a7ec                USBD_FS_LangIDStrDescriptor
 .text.USBD_FS_ProductStrDescriptor
                0x000000000800a810       0x3c ./USB_DEVICE/App/usbd_desc.o
                0x000000000800a810                USBD_FS_ProductStrDescriptor
 .text.USBD_FS_ManufacturerStrDescriptor
                0x000000000800a84c       0x28 ./USB_DEVICE/App/usbd_desc.o
                0x000000000800a84c                USBD_FS_ManufacturerStrDescriptor
 .text.USBD_FS_SerialStrDescriptor
                0x000000000800a874       0x24 ./USB_DEVICE/App/usbd_desc.o
                0x000000000800a874                USBD_FS_SerialStrDescriptor
 .text.USBD_FS_ConfigStrDescriptor
                0x000000000800a898       0x3c ./USB_DEVICE/App/usbd_desc.o
                0x000000000800a898                USBD_FS_ConfigStrDescriptor
 .text.USBD_FS_InterfaceStrDescriptor
                0x000000000800a8d4       0x3c ./USB_DEVICE/App/usbd_desc.o
                0x000000000800a8d4                USBD_FS_InterfaceStrDescriptor
 .text.Get_SerialNum
                0x000000000800a910       0x58 ./USB_DEVICE/App/usbd_desc.o
 .text.IntToUnicode
                0x000000000800a968       0x7c ./USB_DEVICE/App/usbd_desc.o
 .text.HAL_PCD_MspInit
                0x000000000800a9e4       0x4c ./USB_DEVICE/Target/usbd_conf.o
                0x000000000800a9e4                HAL_PCD_MspInit
 .text.HAL_PCD_SetupStageCallback
                0x000000000800aa30       0x24 ./USB_DEVICE/Target/usbd_conf.o
                0x000000000800aa30                HAL_PCD_SetupStageCallback
 .text.HAL_PCD_DataOutStageCallback
                0x000000000800aa54       0x36 ./USB_DEVICE/Target/usbd_conf.o
                0x000000000800aa54                HAL_PCD_DataOutStageCallback
 .text.HAL_PCD_DataInStageCallback
                0x000000000800aa8a       0x34 ./USB_DEVICE/Target/usbd_conf.o
                0x000000000800aa8a                HAL_PCD_DataInStageCallback
 .text.HAL_PCD_SOFCallback
                0x000000000800aabe       0x1c ./USB_DEVICE/Target/usbd_conf.o
                0x000000000800aabe                HAL_PCD_SOFCallback
 .text.HAL_PCD_ResetCallback
                0x000000000800aada       0x3c ./USB_DEVICE/Target/usbd_conf.o
                0x000000000800aada                HAL_PCD_ResetCallback
 *fill*         0x000000000800ab16        0x2 
 .text.HAL_PCD_SuspendCallback
                0x000000000800ab18       0x34 ./USB_DEVICE/Target/usbd_conf.o
                0x000000000800ab18                HAL_PCD_SuspendCallback
 .text.HAL_PCD_ResumeCallback
                0x000000000800ab4c       0x1c ./USB_DEVICE/Target/usbd_conf.o
                0x000000000800ab4c                HAL_PCD_ResumeCallback
 .text.USBD_LL_Init
                0x000000000800ab68       0xb4 ./USB_DEVICE/Target/usbd_conf.o
                0x000000000800ab68                USBD_LL_Init
 .text.USBD_LL_Start
                0x000000000800ac1c       0x36 ./USB_DEVICE/Target/usbd_conf.o
                0x000000000800ac1c                USBD_LL_Start
 .text.USBD_LL_OpenEP
                0x000000000800ac52       0x4c ./USB_DEVICE/Target/usbd_conf.o
                0x000000000800ac52                USBD_LL_OpenEP
 .text.USBD_LL_CloseEP
                0x000000000800ac9e       0x3e ./USB_DEVICE/Target/usbd_conf.o
                0x000000000800ac9e                USBD_LL_CloseEP
 .text.USBD_LL_StallEP
                0x000000000800acdc       0x3e ./USB_DEVICE/Target/usbd_conf.o
                0x000000000800acdc                USBD_LL_StallEP
 .text.USBD_LL_ClearStallEP
                0x000000000800ad1a       0x3e ./USB_DEVICE/Target/usbd_conf.o
                0x000000000800ad1a                USBD_LL_ClearStallEP
 .text.USBD_LL_IsStallEP
                0x000000000800ad58       0x58 ./USB_DEVICE/Target/usbd_conf.o
                0x000000000800ad58                USBD_LL_IsStallEP
 .text.USBD_LL_SetUSBAddress
                0x000000000800adb0       0x3e ./USB_DEVICE/Target/usbd_conf.o
                0x000000000800adb0                USBD_LL_SetUSBAddress
 .text.USBD_LL_Transmit
                0x000000000800adee       0x46 ./USB_DEVICE/Target/usbd_conf.o
                0x000000000800adee                USBD_LL_Transmit
 .text.USBD_LL_PrepareReceive
                0x000000000800ae34       0x46 ./USB_DEVICE/Target/usbd_conf.o
                0x000000000800ae34                USBD_LL_PrepareReceive
 .text.USBD_LL_GetRxDataSize
                0x000000000800ae7a       0x26 ./USB_DEVICE/Target/usbd_conf.o
                0x000000000800ae7a                USBD_LL_GetRxDataSize
 .text.USBD_static_malloc
                0x000000000800aea0       0x18 ./USB_DEVICE/Target/usbd_conf.o
                0x000000000800aea0                USBD_static_malloc
 .text.USBD_static_free
                0x000000000800aeb8       0x12 ./USB_DEVICE/Target/usbd_conf.o
                0x000000000800aeb8                USBD_static_free
 .text.HAL_PCDEx_SetConnectionState
                0x000000000800aeca       0x16 ./USB_DEVICE/Target/usbd_conf.o
                0x000000000800aeca                HAL_PCDEx_SetConnectionState
 .text.USBD_Get_USB_Status
                0x000000000800aee0       0x58 ./USB_DEVICE/Target/usbd_conf.o
 .text.atoi     0x000000000800af38        0x8 C:/ST/STM32CubeIDE_1.13.2/STM32CubeIDE/plugins/com.st.stm32cube.ide.mcu.externaltools.gnu-tools-for-stm32.11.3.rel1.win32_1.1.1.202309131626/tools/bin/../lib/gcc/arm-none-eabi/11.3.1/../../../../arm-none-eabi/lib/thumb/v7-m/nofp\libc_nano.a(libc_a-atoi.o)
                0x000000000800af38                atoi
 .text._strtol_l.constprop.0
                0x000000000800af40       0xfc C:/ST/STM32CubeIDE_1.13.2/STM32CubeIDE/plugins/com.st.stm32cube.ide.mcu.externaltools.gnu-tools-for-stm32.11.3.rel1.win32_1.1.1.202309131626/tools/bin/../lib/gcc/arm-none-eabi/11.3.1/../../../../arm-none-eabi/lib/thumb/v7-m/nofp\libc_nano.a(libc_a-strtol.o)
 .text.strtol   0x000000000800b03c       0x14 C:/ST/STM32CubeIDE_1.13.2/STM32CubeIDE/plugins/com.st.stm32cube.ide.mcu.externaltools.gnu-tools-for-stm32.11.3.rel1.win32_1.1.1.202309131626/tools/bin/../lib/gcc/arm-none-eabi/11.3.1/../../../../arm-none-eabi/lib/thumb/v7-m/nofp\libc_nano.a(libc_a-strtol.o)
                0x000000000800b03c                strtol
 .text.snprintf
                0x000000000800b050       0x68 C:/ST/STM32CubeIDE_1.13.2/STM32CubeIDE/plugins/com.st.stm32cube.ide.mcu.externaltools.gnu-tools-for-stm32.11.3.rel1.win32_1.1.1.202309131626/tools/bin/../lib/gcc/arm-none-eabi/11.3.1/../../../../arm-none-eabi/lib/thumb/v7-m/nofp\libc_nano.a(libc_a-snprintf.o)
                0x000000000800b050                sniprintf
                0x000000000800b050                snprintf
 .text.sprintf  0x000000000800b0b8       0x40 C:/ST/STM32CubeIDE_1.13.2/STM32CubeIDE/plugins/com.st.stm32cube.ide.mcu.externaltools.gnu-tools-for-stm32.11.3.rel1.win32_1.1.1.202309131626/tools/bin/../lib/gcc/arm-none-eabi/11.3.1/../../../../arm-none-eabi/lib/thumb/v7-m/nofp\libc_nano.a(libc_a-sprintf.o)
                0x000000000800b0b8                siprintf
                0x000000000800b0b8                sprintf
 .text.memset   0x000000000800b0f8       0x10 C:/ST/STM32CubeIDE_1.13.2/STM32CubeIDE/plugins/com.st.stm32cube.ide.mcu.externaltools.gnu-tools-for-stm32.11.3.rel1.win32_1.1.1.202309131626/tools/bin/../lib/gcc/arm-none-eabi/11.3.1/../../../../arm-none-eabi/lib/thumb/v7-m/nofp\libc_nano.a(libc_a-memset.o)
                0x000000000800b0f8                memset
 .text.__errno  0x000000000800b108        0xc C:/ST/STM32CubeIDE_1.13.2/STM32CubeIDE/plugins/com.st.stm32cube.ide.mcu.externaltools.gnu-tools-for-stm32.11.3.rel1.win32_1.1.1.202309131626/tools/bin/../lib/gcc/arm-none-eabi/11.3.1/../../../../arm-none-eabi/lib/thumb/v7-m/nofp\libc_nano.a(libc_a-errno.o)
                0x000000000800b108                __errno
 .text.__libc_init_array
                0x000000000800b114       0x48 C:/ST/STM32CubeIDE_1.13.2/STM32CubeIDE/plugins/com.st.stm32cube.ide.mcu.externaltools.gnu-tools-for-stm32.11.3.rel1.win32_1.1.1.202309131626/tools/bin/../lib/gcc/arm-none-eabi/11.3.1/../../../../arm-none-eabi/lib/thumb/v7-m/nofp\libc_nano.a(libc_a-init.o)
                0x000000000800b114                __libc_init_array
 .text.__retarget_lock_acquire_recursive
                0x000000000800b15c        0x2 C:/ST/STM32CubeIDE_1.13.2/STM32CubeIDE/plugins/com.st.stm32cube.ide.mcu.externaltools.gnu-tools-for-stm32.11.3.rel1.win32_1.1.1.202309131626/tools/bin/../lib/gcc/arm-none-eabi/11.3.1/../../../../arm-none-eabi/lib/thumb/v7-m/nofp\libc_nano.a(libc_a-lock.o)
                0x000000000800b15c                __retarget_lock_acquire_recursive
 .text.__retarget_lock_release_recursive
                0x000000000800b15e        0x2 C:/ST/STM32CubeIDE_1.13.2/STM32CubeIDE/plugins/com.st.stm32cube.ide.mcu.externaltools.gnu-tools-for-stm32.11.3.rel1.win32_1.1.1.202309131626/tools/bin/../lib/gcc/arm-none-eabi/11.3.1/../../../../arm-none-eabi/lib/thumb/v7-m/nofp\libc_nano.a(libc_a-lock.o)
                0x000000000800b15e                __retarget_lock_release_recursive
 .text.memcpy   0x000000000800b160       0x1c C:/ST/STM32CubeIDE_1.13.2/STM32CubeIDE/plugins/com.st.stm32cube.ide.mcu.externaltools.gnu-tools-for-stm32.11.3.rel1.win32_1.1.1.202309131626/tools/bin/../lib/gcc/arm-none-eabi/11.3.1/../../../../arm-none-eabi/lib/thumb/v7-m/nofp\libc_nano.a(libc_a-memcpy-stub.o)
                0x000000000800b160                memcpy
 .text._free_r  0x000000000800b17c       0x90 C:/ST/STM32CubeIDE_1.13.2/STM32CubeIDE/plugins/com.st.stm32cube.ide.mcu.externaltools.gnu-tools-for-stm32.11.3.rel1.win32_1.1.1.202309131626/tools/bin/../lib/gcc/arm-none-eabi/11.3.1/../../../../arm-none-eabi/lib/thumb/v7-m/nofp\libc_nano.a(libc_a-freer.o)
                0x000000000800b17c                _free_r
 .text.sbrk_aligned
                0x000000000800b20c       0x40 C:/ST/STM32CubeIDE_1.13.2/STM32CubeIDE/plugins/com.st.stm32cube.ide.mcu.externaltools.gnu-tools-for-stm32.11.3.rel1.win32_1.1.1.202309131626/tools/bin/../lib/gcc/arm-none-eabi/11.3.1/../../../../arm-none-eabi/lib/thumb/v7-m/nofp\libc_nano.a(libc_a-mallocr.o)
 .text._malloc_r
                0x000000000800b24c      0x100 C:/ST/STM32CubeIDE_1.13.2/STM32CubeIDE/plugins/com.st.stm32cube.ide.mcu.externaltools.gnu-tools-for-stm32.11.3.rel1.win32_1.1.1.202309131626/tools/bin/../lib/gcc/arm-none-eabi/11.3.1/../../../../arm-none-eabi/lib/thumb/v7-m/nofp\libc_nano.a(libc_a-mallocr.o)
                0x000000000800b24c                _malloc_r
 .text.__malloc_lock
                0x000000000800b34c        0xc C:/ST/STM32CubeIDE_1.13.2/STM32CubeIDE/plugins/com.st.stm32cube.ide.mcu.externaltools.gnu-tools-for-stm32.11.3.rel1.win32_1.1.1.202309131626/tools/bin/../lib/gcc/arm-none-eabi/11.3.1/../../../../arm-none-eabi/lib/thumb/v7-m/nofp\libc_nano.a(libc_a-mlock.o)
                0x000000000800b34c                __malloc_lock
 .text.__malloc_unlock
                0x000000000800b358        0xc C:/ST/STM32CubeIDE_1.13.2/STM32CubeIDE/plugins/com.st.stm32cube.ide.mcu.externaltools.gnu-tools-for-stm32.11.3.rel1.win32_1.1.1.202309131626/tools/bin/../lib/gcc/arm-none-eabi/11.3.1/../../../../arm-none-eabi/lib/thumb/v7-m/nofp\libc_nano.a(libc_a-mlock.o)
                0x000000000800b358                __malloc_unlock
 .text.__ssputs_r
                0x000000000800b364       0xb4 C:/ST/STM32CubeIDE_1.13.2/STM32CubeIDE/plugins/com.st.stm32cube.ide.mcu.externaltools.gnu-tools-for-stm32.11.3.rel1.win32_1.1.1.202309131626/tools/bin/../lib/gcc/arm-none-eabi/11.3.1/../../../../arm-none-eabi/lib/thumb/v7-m/nofp\libc_nano.a(libc_a-nano-svfprintf.o)
                0x000000000800b364                __ssputs_r
 .text._svfprintf_r
                0x000000000800b418      0x1fc C:/ST/STM32CubeIDE_1.13.2/STM32CubeIDE/plugins/com.st.stm32cube.ide.mcu.externaltools.gnu-tools-for-stm32.11.3.rel1.win32_1.1.1.202309131626/tools/bin/../lib/gcc/arm-none-eabi/11.3.1/../../../../arm-none-eabi/lib/thumb/v7-m/nofp\libc_nano.a(libc_a-nano-svfprintf.o)
                0x000000000800b418                _svfiprintf_r
                0x000000000800b418                _svfprintf_r
 .text._printf_common
                0x000000000800b614       0xe4 C:/ST/STM32CubeIDE_1.13.2/STM32CubeIDE/plugins/com.st.stm32cube.ide.mcu.externaltools.gnu-tools-for-stm32.11.3.rel1.win32_1.1.1.202309131626/tools/bin/../lib/gcc/arm-none-eabi/11.3.1/../../../../arm-none-eabi/lib/thumb/v7-m/nofp\libc_nano.a(libc_a-nano-vfprintf_i.o)
                0x000000000800b614                _printf_common
 .text._printf_i
                0x000000000800b6f8      0x244 C:/ST/STM32CubeIDE_1.13.2/STM32CubeIDE/plugins/com.st.stm32cube.ide.mcu.externaltools.gnu-tools-for-stm32.11.3.rel1.win32_1.1.1.202309131626/tools/bin/../lib/gcc/arm-none-eabi/11.3.1/../../../../arm-none-eabi/lib/thumb/v7-m/nofp\libc_nano.a(libc_a-nano-vfprintf_i.o)
                0x000000000800b6f8                _printf_i
 .text.memmove  0x000000000800b93c       0x34 C:/ST/STM32CubeIDE_1.13.2/STM32CubeIDE/plugins/com.st.stm32cube.ide.mcu.externaltools.gnu-tools-for-stm32.11.3.rel1.win32_1.1.1.202309131626/tools/bin/../lib/gcc/arm-none-eabi/11.3.1/../../../../arm-none-eabi/lib/thumb/v7-m/nofp\libc_nano.a(libc_a-memmove.o)
                0x000000000800b93c                memmove
 .text._sbrk_r  0x000000000800b970       0x20 C:/ST/STM32CubeIDE_1.13.2/STM32CubeIDE/plugins/com.st.stm32cube.ide.mcu.externaltools.gnu-tools-for-stm32.11.3.rel1.win32_1.1.1.202309131626/tools/bin/../lib/gcc/arm-none-eabi/11.3.1/../../../../arm-none-eabi/lib/thumb/v7-m/nofp\libc_nano.a(libc_a-sbrkr.o)
                0x000000000800b970                _sbrk_r
 .text.memchr   0x000000000800b990       0x1c C:/ST/STM32CubeIDE_1.13.2/STM32CubeIDE/plugins/com.st.stm32cube.ide.mcu.externaltools.gnu-tools-for-stm32.11.3.rel1.win32_1.1.1.202309131626/tools/bin/../lib/gcc/arm-none-eabi/11.3.1/../../../../arm-none-eabi/lib/thumb/v7-m/nofp\libc_nano.a(libc_a-memchr-stub.o)
                0x000000000800b990                memchr
 .text._realloc_r
                0x000000000800b9ac       0x5e C:/ST/STM32CubeIDE_1.13.2/STM32CubeIDE/plugins/com.st.stm32cube.ide.mcu.externaltools.gnu-tools-for-stm32.11.3.rel1.win32_1.1.1.202309131626/tools/bin/../lib/gcc/arm-none-eabi/11.3.1/../../../../arm-none-eabi/lib/thumb/v7-m/nofp\libc_nano.a(libc_a-reallocr.o)
                0x000000000800b9ac                _realloc_r
 .text._malloc_usable_size_r
                0x000000000800ba0a       0x10 C:/ST/STM32CubeIDE_1.13.2/STM32CubeIDE/plugins/com.st.stm32cube.ide.mcu.externaltools.gnu-tools-for-stm32.11.3.rel1.win32_1.1.1.202309131626/tools/bin/../lib/gcc/arm-none-eabi/11.3.1/../../../../arm-none-eabi/lib/thumb/v7-m/nofp\libc_nano.a(libc_a-msizer.o)
                0x000000000800ba0a                _malloc_usable_size_r
 *(.glue_7)
 .glue_7        0x000000000800ba1a        0x0 linker stubs
 *(.glue_7t)
 .glue_7t       0x000000000800ba1a        0x0 linker stubs
 *(.eh_frame)
 *fill*         0x000000000800ba1a        0x2 
 .eh_frame      0x000000000800ba1c        0x0 C:/ST/STM32CubeIDE_1.13.2/STM32CubeIDE/plugins/com.st.stm32cube.ide.mcu.externaltools.gnu-tools-for-stm32.11.3.rel1.win32_1.1.1.202309131626/tools/bin/../lib/gcc/arm-none-eabi/11.3.1/thumb/v7-m/nofp/crtbegin.o
 *(.init)
 .init          0x000000000800ba1c        0x4 C:/ST/STM32CubeIDE_1.13.2/STM32CubeIDE/plugins/com.st.stm32cube.ide.mcu.externaltools.gnu-tools-for-stm32.11.3.rel1.win32_1.1.1.202309131626/tools/bin/../lib/gcc/arm-none-eabi/11.3.1/thumb/v7-m/nofp/crti.o
                0x000000000800ba1c                _init
 .init          0x000000000800ba20        0x8 C:/ST/STM32CubeIDE_1.13.2/STM32CubeIDE/plugins/com.st.stm32cube.ide.mcu.externaltools.gnu-tools-for-stm32.11.3.rel1.win32_1.1.1.202309131626/tools/bin/../lib/gcc/arm-none-eabi/11.3.1/thumb/v7-m/nofp/crtn.o
 *(.fini)
 .fini          0x000000000800ba28        0x4 C:/ST/STM32CubeIDE_1.13.2/STM32CubeIDE/plugins/com.st.stm32cube.ide.mcu.externaltools.gnu-tools-for-stm32.11.3.rel1.win32_1.1.1.202309131626/tools/bin/../lib/gcc/arm-none-eabi/11.3.1/thumb/v7-m/nofp/crti.o
                0x000000000800ba28                _fini
 .fini          0x000000000800ba2c        0x8 C:/ST/STM32CubeIDE_1.13.2/STM32CubeIDE/plugins/com.st.stm32cube.ide.mcu.externaltools.gnu-tools-for-stm32.11.3.rel1.win32_1.1.1.202309131626/tools/bin/../lib/gcc/arm-none-eabi/11.3.1/thumb/v7-m/nofp/crtn.o
                0x000000000800ba34                . = ALIGN (0x4)
                0x000000000800ba34                _etext = .

.vfp11_veneer   0x000000000800ba34        0x0
 .vfp11_veneer  0x000000000800ba34        0x0 linker stubs

.v4_bx          0x000000000800ba34        0x0
 .v4_bx         0x000000000800ba34        0x0 linker stubs

.iplt           0x000000000800ba34        0x0
 .iplt          0x000000000800ba34        0x0 C:/ST/STM32CubeIDE_1.13.2/STM32CubeIDE/plugins/com.st.stm32cube.ide.mcu.externaltools.gnu-tools-for-stm32.11.3.rel1.win32_1.1.1.202309131626/tools/bin/../lib/gcc/arm-none-eabi/11.3.1/thumb/v7-m/nofp/crtbegin.o

.rodata         0x000000000800ba34      0x36c
                0x000000000800ba34                . = ALIGN (0x4)
 *(.rodata)
 .rodata        0x000000000800ba34       0x10 ./Core/Src/keypad_lib.o
 .rodata        0x000000000800ba44      0x1b3 ./Core/Src/main.o
 *fill*         0x000000000800bbf7        0x1 
 .rodata        0x000000000800bbf8       0x46 ./USB_DEVICE/App/usbd_desc.o
 *(.rodata*)
 *fill*         0x000000000800bc3e        0x2 
 .rodata.AHBPrescTable
                0x000000000800bc40       0x10 ./Core/Src/system_stm32f1xx.o
                0x000000000800bc40                AHBPrescTable
 .rodata.APBPrescTable
                0x000000000800bc50        0x8 ./Core/Src/system_stm32f1xx.o
                0x000000000800bc50                APBPrescTable
 .rodata.aPLLMULFactorTable.1
                0x000000000800bc58       0x10 ./Drivers/STM32F1xx_HAL_Driver/Src/stm32f1xx_hal_rcc.o
 .rodata.aPredivFactorTable.0
                0x000000000800bc68        0x2 ./Drivers/STM32F1xx_HAL_Driver/Src/stm32f1xx_hal_rcc.o
 .rodata._ctype_
                0x000000000800bc6a      0x101 C:/ST/STM32CubeIDE_1.13.2/STM32CubeIDE/plugins/com.st.stm32cube.ide.mcu.externaltools.gnu-tools-for-stm32.11.3.rel1.win32_1.1.1.202309131626/tools/bin/../lib/gcc/arm-none-eabi/11.3.1/../../../../arm-none-eabi/lib/thumb/v7-m/nofp\libc_nano.a(libc_a-ctype_.o)
                0x000000000800bc6a                _ctype_
 .rodata._svfprintf_r.str1.1
                0x000000000800bd6b       0x11 C:/ST/STM32CubeIDE_1.13.2/STM32CubeIDE/plugins/com.st.stm32cube.ide.mcu.externaltools.gnu-tools-for-stm32.11.3.rel1.win32_1.1.1.202309131626/tools/bin/../lib/gcc/arm-none-eabi/11.3.1/../../../../arm-none-eabi/lib/thumb/v7-m/nofp\libc_nano.a(libc_a-nano-svfprintf.o)
 .rodata._printf_i.str1.1
                0x000000000800bd7c       0x22 C:/ST/STM32CubeIDE_1.13.2/STM32CubeIDE/plugins/com.st.stm32cube.ide.mcu.externaltools.gnu-tools-for-stm32.11.3.rel1.win32_1.1.1.202309131626/tools/bin/../lib/gcc/arm-none-eabi/11.3.1/../../../../arm-none-eabi/lib/thumb/v7-m/nofp\libc_nano.a(libc_a-nano-vfprintf_i.o)
                0x000000000800bda0                . = ALIGN (0x4)
 *fill*         0x000000000800bd9e        0x2 

.rel.dyn        0x000000000800bda0        0x0
 .rel.iplt      0x000000000800bda0        0x0 C:/ST/STM32CubeIDE_1.13.2/STM32CubeIDE/plugins/com.st.stm32cube.ide.mcu.externaltools.gnu-tools-for-stm32.11.3.rel1.win32_1.1.1.202309131626/tools/bin/../lib/gcc/arm-none-eabi/11.3.1/thumb/v7-m/nofp/crtbegin.o

.ARM.extab      0x000000000800bda0        0x0
                0x000000000800bda0                . = ALIGN (0x4)
 *(.ARM.extab* .gnu.linkonce.armextab.*)
                0x000000000800bda0                . = ALIGN (0x4)

.ARM            0x000000000800bda0        0x0
                0x000000000800bda0                . = ALIGN (0x4)
                0x000000000800bda0                __exidx_start = .
 *(.ARM.exidx*)
                0x000000000800bda0                __exidx_end = .
                0x000000000800bda0                . = ALIGN (0x4)

.preinit_array  0x000000000800bda0        0x0
                0x000000000800bda0                . = ALIGN (0x4)
                0x000000000800bda0                PROVIDE (__preinit_array_start = .)
 *(.preinit_array*)
                0x000000000800bda0                PROVIDE (__preinit_array_end = .)
                0x000000000800bda0                . = ALIGN (0x4)

.init_array     0x000000000800bda0        0x4
                0x000000000800bda0                . = ALIGN (0x4)
                0x000000000800bda0                PROVIDE (__init_array_start = .)
 *(SORT_BY_NAME(.init_array.*))
 *(.init_array*)
 .init_array    0x000000000800bda0        0x4 C:/ST/STM32CubeIDE_1.13.2/STM32CubeIDE/plugins/com.st.stm32cube.ide.mcu.externaltools.gnu-tools-for-stm32.11.3.rel1.win32_1.1.1.202309131626/tools/bin/../lib/gcc/arm-none-eabi/11.3.1/thumb/v7-m/nofp/crtbegin.o
                0x000000000800bda4                PROVIDE (__init_array_end = .)
                0x000000000800bda4                . = ALIGN (0x4)

.fini_array     0x000000000800bda4        0x4
                0x000000000800bda4                . = ALIGN (0x4)
                [!provide]                        PROVIDE (__fini_array_start = .)
 *(SORT_BY_NAME(.fini_array.*))
 *(.fini_array*)
 .fini_array    0x000000000800bda4        0x4 C:/ST/STM32CubeIDE_1.13.2/STM32CubeIDE/plugins/com.st.stm32cube.ide.mcu.externaltools.gnu-tools-for-stm32.11.3.rel1.win32_1.1.1.202309131626/tools/bin/../lib/gcc/arm-none-eabi/11.3.1/thumb/v7-m/nofp/crtbegin.o
                [!provide]                        PROVIDE (__fini_array_end = .)
                0x000000000800bda8                . = ALIGN (0x4)
                0x000000000800bda8                _sidata = LOADADDR (.data)

.data           0x0000000020000000      0x1ec load address 0x000000000800bda8
                0x0000000020000000                . = ALIGN (0x4)
                0x0000000020000000                _sdata = .
 *(.data)
 *(.data*)
 .data.ROW_1_Port
                0x0000000020000000        0x4 ./Core/Src/keypad_lib.o
                0x0000000020000000                ROW_1_Port
 .data.ROW_2_Port
                0x0000000020000004        0x4 ./Core/Src/keypad_lib.o
                0x0000000020000004                ROW_2_Port
 .data.ROW_3_Port
                0x0000000020000008        0x4 ./Core/Src/keypad_lib.o
                0x0000000020000008                ROW_3_Port
 .data.ROW_4_Port
                0x000000002000000c        0x4 ./Core/Src/keypad_lib.o
                0x000000002000000c                ROW_4_Port
 .data.COL_1_Port
                0x0000000020000010        0x4 ./Core/Src/keypad_lib.o
                0x0000000020000010                COL_1_Port
 .data.COL_2_Port
                0x0000000020000014        0x4 ./Core/Src/keypad_lib.o
                0x0000000020000014                COL_2_Port
 .data.COL_3_Port
                0x0000000020000018        0x4 ./Core/Src/keypad_lib.o
                0x0000000020000018                COL_3_Port
 .data.COL_4_Port
                0x000000002000001c        0x4 ./Core/Src/keypad_lib.o
                0x000000002000001c                COL_4_Port
 .data.SystemCoreClock
                0x0000000020000020        0x4 ./Core/Src/system_stm32f1xx.o
                0x0000000020000020                SystemCoreClock
 .data.uwTickPrio
                0x0000000020000024        0x4 ./Drivers/STM32F1xx_HAL_Driver/Src/stm32f1xx_hal.o
                0x0000000020000024                uwTickPrio
 .data.uwTickFreq
                0x0000000020000028        0x1 ./Drivers/STM32F1xx_HAL_Driver/Src/stm32f1xx_hal.o
                0x0000000020000028                uwTickFreq
 *fill*         0x0000000020000029        0x3 
 .data.USBD_CDC_DeviceQualifierDesc
                0x000000002000002c        0xa ./Middlewares/ST/STM32_USB_Device_Library/Class/CDC/Src/usbd_cdc.o
 *fill*         0x0000000020000036        0x2 
 .data.USBD_CDC
                0x0000000020000038       0x38 ./Middlewares/ST/STM32_USB_Device_Library/Class/CDC/Src/usbd_cdc.o
                0x0000000020000038                USBD_CDC
 .data.USBD_CDC_CfgHSDesc
                0x0000000020000070       0x43 ./Middlewares/ST/STM32_USB_Device_Library/Class/CDC/Src/usbd_cdc.o
                0x0000000020000070                USBD_CDC_CfgHSDesc
 *fill*         0x00000000200000b3        0x1 
 .data.USBD_CDC_CfgFSDesc
                0x00000000200000b4       0x43 ./Middlewares/ST/STM32_USB_Device_Library/Class/CDC/Src/usbd_cdc.o
                0x00000000200000b4                USBD_CDC_CfgFSDesc
 *fill*         0x00000000200000f7        0x1 
 .data.USBD_CDC_OtherSpeedCfgDesc
                0x00000000200000f8       0x43 ./Middlewares/ST/STM32_USB_Device_Library/Class/CDC/Src/usbd_cdc.o
                0x00000000200000f8                USBD_CDC_OtherSpeedCfgDesc
 *fill*         0x000000002000013b        0x1 
 .data.USBD_Interface_fops_FS
                0x000000002000013c       0x10 ./USB_DEVICE/App/usbd_cdc_if.o
                0x000000002000013c                USBD_Interface_fops_FS
 .data.FS_Desc  0x000000002000014c       0x1c ./USB_DEVICE/App/usbd_desc.o
                0x000000002000014c                FS_Desc
 .data.USBD_FS_DeviceDesc
                0x0000000020000168       0x12 ./USB_DEVICE/App/usbd_desc.o
                0x0000000020000168                USBD_FS_DeviceDesc
 *fill*         0x000000002000017a        0x2 
 .data.USBD_LangIDDesc
                0x000000002000017c        0x4 ./USB_DEVICE/App/usbd_desc.o
                0x000000002000017c                USBD_LangIDDesc
 .data.USBD_StringSerial
                0x0000000020000180       0x1a ./USB_DEVICE/App/usbd_desc.o
                0x0000000020000180                USBD_StringSerial
 *fill*         0x000000002000019a        0x2 
 .data._impure_data
                0x000000002000019c       0x4c C:/ST/STM32CubeIDE_1.13.2/STM32CubeIDE/plugins/com.st.stm32cube.ide.mcu.externaltools.gnu-tools-for-stm32.11.3.rel1.win32_1.1.1.202309131626/tools/bin/../lib/gcc/arm-none-eabi/11.3.1/../../../../arm-none-eabi/lib/thumb/v7-m/nofp\libc_nano.a(libc_a-impure.o)
                0x000000002000019c                _impure_data
 .data._impure_ptr
                0x00000000200001e8        0x4 C:/ST/STM32CubeIDE_1.13.2/STM32CubeIDE/plugins/com.st.stm32cube.ide.mcu.externaltools.gnu-tools-for-stm32.11.3.rel1.win32_1.1.1.202309131626/tools/bin/../lib/gcc/arm-none-eabi/11.3.1/../../../../arm-none-eabi/lib/thumb/v7-m/nofp\libc_nano.a(libc_a-impure.o)
                0x00000000200001e8                _impure_ptr
 *(.RamFunc)
 *(.RamFunc*)
                0x00000000200001ec                . = ALIGN (0x4)
                0x00000000200001ec                _edata = .

.igot.plt       0x00000000200001ec        0x0 load address 0x000000000800bf94
 .igot.plt      0x00000000200001ec        0x0 C:/ST/STM32CubeIDE_1.13.2/STM32CubeIDE/plugins/com.st.stm32cube.ide.mcu.externaltools.gnu-tools-for-stm32.11.3.rel1.win32_1.1.1.202309131626/tools/bin/../lib/gcc/arm-none-eabi/11.3.1/thumb/v7-m/nofp/crtbegin.o
                0x00000000200001ec                . = ALIGN (0x4)

.bss            0x00000000200001ec     0x1574 load address 0x000000000800bf94
                0x00000000200001ec                _sbss = .
                0x00000000200001ec                __bss_start__ = _sbss
 *(.bss)
 .bss           0x00000000200001ec       0x1c C:/ST/STM32CubeIDE_1.13.2/STM32CubeIDE/plugins/com.st.stm32cube.ide.mcu.externaltools.gnu-tools-for-stm32.11.3.rel1.win32_1.1.1.202309131626/tools/bin/../lib/gcc/arm-none-eabi/11.3.1/thumb/v7-m/nofp/crtbegin.o
 *(.bss*)
 .bss.hadc1     0x0000000020000208       0x30 ./Core/Src/main.o
                0x0000000020000208                hadc1
 .bss.hdma_adc1
                0x0000000020000238       0x44 ./Core/Src/main.o
                0x0000000020000238                hdma_adc1
 .bss.hi2c1     0x000000002000027c       0x54 ./Core/Src/main.o
                0x000000002000027c                hi2c1
 .bss.hspi1     0x00000000200002d0       0x58 ./Core/Src/main.o
                0x00000000200002d0                hspi1
 .bss.htim2     0x0000000020000328       0x48 ./Core/Src/main.o
                0x0000000020000328                htim2
 .bss.htim3     0x0000000020000370       0x48 ./Core/Src/main.o
                0x0000000020000370                htim3
 .bss.flag_on_off
                0x00000000200003b8        0x1 ./Core/Src/main.o
                0x00000000200003b8                flag_on_off
 .bss.flag_config
                0x00000000200003b9        0x1 ./Core/Src/main.o
                0x00000000200003b9                flag_config
 .bss.flag_update_display_1_seg
                0x00000000200003ba        0x1 ./Core/Src/main.o
                0x00000000200003ba                flag_update_display_1_seg
 .bss.flag_update_loop_control
                0x00000000200003bb        0x1 ./Core/Src/main.o
                0x00000000200003bb                flag_update_loop_control
 .bss.cont_timer_update
                0x00000000200003bc        0x1 ./Core/Src/main.o
                0x00000000200003bc                cont_timer_update
 *fill*         0x00000000200003bd        0x3 
 .bss.input_adc
                0x00000000200003c0       0x10 ./Core/Src/main.o
                0x00000000200003c0                input_adc
 .bss.adc2use   0x00000000200003d0        0x8 ./Core/Src/main.o
                0x00000000200003d0                adc2use
 .bss.buffer_usb
                0x00000000200003d8       0x40 ./Core/Src/main.o
                0x00000000200003d8                buffer_usb
 .bss.str       0x0000000020000418       0x1e ./Core/Src/main.o
                0x0000000020000418                str
 .bss.input_keypad
                0x0000000020000436        0x1 ./Core/Src/main.o
                0x0000000020000436                input_keypad
 *fill*         0x0000000020000437        0x1 
 .bss.__sbrk_heap_end
                0x0000000020000438        0x4 ./Core/Src/sysmem.o
 .bss.uwTick    0x000000002000043c        0x4 ./Drivers/STM32F1xx_HAL_Driver/Src/stm32f1xx_hal.o
                0x000000002000043c                uwTick
 .bss.cfgidx.0  0x0000000020000440        0x1 ./Middlewares/ST/STM32_USB_Device_Library/Core/Src/usbd_ctlreq.o
 *fill*         0x0000000020000441        0x3 
 .bss.hUsbDeviceFS
                0x0000000020000444      0x2c4 ./USB_DEVICE/App/usb_device.o
                0x0000000020000444                hUsbDeviceFS
 .bss.UserRxBufferFS
                0x0000000020000708      0x400 ./USB_DEVICE/App/usbd_cdc_if.o
                0x0000000020000708                UserRxBufferFS
 .bss.UserTxBufferFS
                0x0000000020000b08      0x400 ./USB_DEVICE/App/usbd_cdc_if.o
                0x0000000020000b08                UserTxBufferFS
 .bss.USBD_StrDesc
                0x0000000020000f08      0x200 ./USB_DEVICE/App/usbd_desc.o
                0x0000000020000f08                USBD_StrDesc
 .bss.hpcd_USB_FS
                0x0000000020001108      0x2f0 ./USB_DEVICE/Target/usbd_conf.o
                0x0000000020001108                hpcd_USB_FS
 .bss.mem.0     0x00000000200013f8      0x220 ./USB_DEVICE/Target/usbd_conf.o
 .bss.__sf      0x0000000020001618      0x138 C:/ST/STM32CubeIDE_1.13.2/STM32CubeIDE/plugins/com.st.stm32cube.ide.mcu.externaltools.gnu-tools-for-stm32.11.3.rel1.win32_1.1.1.202309131626/tools/bin/../lib/gcc/arm-none-eabi/11.3.1/../../../../arm-none-eabi/lib/thumb/v7-m/nofp\libc_nano.a(libc_a-findfp.o)
                0x0000000020001618                __sf
 .bss.errno     0x0000000020001750        0x4 C:/ST/STM32CubeIDE_1.13.2/STM32CubeIDE/plugins/com.st.stm32cube.ide.mcu.externaltools.gnu-tools-for-stm32.11.3.rel1.win32_1.1.1.202309131626/tools/bin/../lib/gcc/arm-none-eabi/11.3.1/../../../../arm-none-eabi/lib/thumb/v7-m/nofp\libc_nano.a(libc_a-reent.o)
                0x0000000020001750                errno
 .bss.__lock___malloc_recursive_mutex
                0x0000000020001754        0x1 C:/ST/STM32CubeIDE_1.13.2/STM32CubeIDE/plugins/com.st.stm32cube.ide.mcu.externaltools.gnu-tools-for-stm32.11.3.rel1.win32_1.1.1.202309131626/tools/bin/../lib/gcc/arm-none-eabi/11.3.1/../../../../arm-none-eabi/lib/thumb/v7-m/nofp\libc_nano.a(libc_a-lock.o)
                0x0000000020001754                __lock___malloc_recursive_mutex
 *fill*         0x0000000020001755        0x3 
 .bss.__malloc_free_list
                0x0000000020001758        0x4 C:/ST/STM32CubeIDE_1.13.2/STM32CubeIDE/plugins/com.st.stm32cube.ide.mcu.externaltools.gnu-tools-for-stm32.11.3.rel1.win32_1.1.1.202309131626/tools/bin/../lib/gcc/arm-none-eabi/11.3.1/../../../../arm-none-eabi/lib/thumb/v7-m/nofp\libc_nano.a(libc_a-mallocr.o)
                0x0000000020001758                __malloc_free_list
 .bss.__malloc_sbrk_start
                0x000000002000175c        0x4 C:/ST/STM32CubeIDE_1.13.2/STM32CubeIDE/plugins/com.st.stm32cube.ide.mcu.externaltools.gnu-tools-for-stm32.11.3.rel1.win32_1.1.1.202309131626/tools/bin/../lib/gcc/arm-none-eabi/11.3.1/../../../../arm-none-eabi/lib/thumb/v7-m/nofp\libc_nano.a(libc_a-mallocr.o)
                0x000000002000175c                __malloc_sbrk_start
 *(COMMON)
                0x0000000020001760                . = ALIGN (0x4)
                0x0000000020001760                _ebss = .
                0x0000000020001760                __bss_end__ = _ebss

._user_heap_stack
                0x0000000020001760      0x600 load address 0x000000000800bf94
                0x0000000020001760                . = ALIGN (0x8)
                [!provide]                        PROVIDE (end = .)
                0x0000000020001760                PROVIDE (_end = .)
                0x0000000020001960                . = (. + _Min_Heap_Size)
 *fill*         0x0000000020001760      0x200 
                0x0000000020001d60                . = (. + _Min_Stack_Size)
 *fill*         0x0000000020001960      0x400 
                0x0000000020001d60                . = ALIGN (0x8)

/DISCARD/
 libc.a(*)
 libm.a(*)
 libgcc.a(*)

.ARM.attributes
                0x0000000000000000       0x29
 *(.ARM.attributes)
 .ARM.attributes
                0x0000000000000000       0x1d C:/ST/STM32CubeIDE_1.13.2/STM32CubeIDE/plugins/com.st.stm32cube.ide.mcu.externaltools.gnu-tools-for-stm32.11.3.rel1.win32_1.1.1.202309131626/tools/bin/../lib/gcc/arm-none-eabi/11.3.1/thumb/v7-m/nofp/crti.o
 .ARM.attributes
                0x000000000000001d       0x2d C:/ST/STM32CubeIDE_1.13.2/STM32CubeIDE/plugins/com.st.stm32cube.ide.mcu.externaltools.gnu-tools-for-stm32.11.3.rel1.win32_1.1.1.202309131626/tools/bin/../lib/gcc/arm-none-eabi/11.3.1/thumb/v7-m/nofp/crtbegin.o
 .ARM.attributes
                0x000000000000004a       0x2d ./Core/Src/LCD_I2C.o
 .ARM.attributes
                0x0000000000000077       0x2d ./Core/Src/keypad_lib.o
 .ARM.attributes
                0x00000000000000a4       0x2d ./Core/Src/main.o
 .ARM.attributes
                0x00000000000000d1       0x2d ./Core/Src/stm32f1xx_hal_msp.o
 .ARM.attributes
                0x00000000000000fe       0x2d ./Core/Src/stm32f1xx_it.o
 .ARM.attributes
                0x000000000000012b       0x2d ./Core/Src/sysmem.o
 .ARM.attributes
                0x0000000000000158       0x2d ./Core/Src/system_stm32f1xx.o
 .ARM.attributes
                0x0000000000000185       0x21 ./Core/Startup/startup_stm32f103c8tx.o
 .ARM.attributes
                0x00000000000001a6       0x2d ./Drivers/STM32F1xx_HAL_Driver/Src/stm32f1xx_hal.o
 .ARM.attributes
                0x00000000000001d3       0x2d ./Drivers/STM32F1xx_HAL_Driver/Src/stm32f1xx_hal_adc.o
 .ARM.attributes
                0x0000000000000200       0x2d ./Drivers/STM32F1xx_HAL_Driver/Src/stm32f1xx_hal_cortex.o
 .ARM.attributes
                0x000000000000022d       0x2d ./Drivers/STM32F1xx_HAL_Driver/Src/stm32f1xx_hal_dma.o
 .ARM.attributes
                0x000000000000025a       0x2d ./Drivers/STM32F1xx_HAL_Driver/Src/stm32f1xx_hal_gpio.o
 .ARM.attributes
                0x0000000000000287       0x2d ./Drivers/STM32F1xx_HAL_Driver/Src/stm32f1xx_hal_i2c.o
 .ARM.attributes
                0x00000000000002b4       0x2d ./Drivers/STM32F1xx_HAL_Driver/Src/stm32f1xx_hal_pcd.o
 .ARM.attributes
                0x00000000000002e1       0x2d ./Drivers/STM32F1xx_HAL_Driver/Src/stm32f1xx_hal_pcd_ex.o
 .ARM.attributes
                0x000000000000030e       0x2d ./Drivers/STM32F1xx_HAL_Driver/Src/stm32f1xx_hal_rcc.o
 .ARM.attributes
                0x000000000000033b       0x2d ./Drivers/STM32F1xx_HAL_Driver/Src/stm32f1xx_hal_rcc_ex.o
 .ARM.attributes
                0x0000000000000368       0x2d ./Drivers/STM32F1xx_HAL_Driver/Src/stm32f1xx_hal_spi.o
 .ARM.attributes
                0x0000000000000395       0x2d ./Drivers/STM32F1xx_HAL_Driver/Src/stm32f1xx_hal_tim.o
 .ARM.attributes
                0x00000000000003c2       0x2d ./Drivers/STM32F1xx_HAL_Driver/Src/stm32f1xx_hal_tim_ex.o
 .ARM.attributes
                0x00000000000003ef       0x2d ./Drivers/STM32F1xx_HAL_Driver/Src/stm32f1xx_ll_usb.o
 .ARM.attributes
                0x000000000000041c       0x2d ./Middlewares/ST/STM32_USB_Device_Library/Class/CDC/Src/usbd_cdc.o
 .ARM.attributes
                0x0000000000000449       0x2d ./Middlewares/ST/STM32_USB_Device_Library/Core/Src/usbd_core.o
 .ARM.attributes
                0x0000000000000476       0x2d ./Middlewares/ST/STM32_USB_Device_Library/Core/Src/usbd_ctlreq.o
 .ARM.attributes
                0x00000000000004a3       0x2d ./Middlewares/ST/STM32_USB_Device_Library/Core/Src/usbd_ioreq.o
 .ARM.attributes
                0x00000000000004d0       0x2d ./USB_DEVICE/App/usb_device.o
 .ARM.attributes
                0x00000000000004fd       0x2d ./USB_DEVICE/App/usbd_cdc_if.o
 .ARM.attributes
                0x000000000000052a       0x2d ./USB_DEVICE/App/usbd_desc.o
 .ARM.attributes
                0x0000000000000557       0x2d ./USB_DEVICE/Target/usbd_conf.o
 .ARM.attributes
                0x0000000000000584       0x2d C:/ST/STM32CubeIDE_1.13.2/STM32CubeIDE/plugins/com.st.stm32cube.ide.mcu.externaltools.gnu-tools-for-stm32.11.3.rel1.win32_1.1.1.202309131626/tools/bin/../lib/gcc/arm-none-eabi/11.3.1/../../../../arm-none-eabi/lib/thumb/v7-m/nofp\libc_nano.a(libc_a-atoi.o)
 .ARM.attributes
                0x00000000000005b1       0x2d C:/ST/STM32CubeIDE_1.13.2/STM32CubeIDE/plugins/com.st.stm32cube.ide.mcu.externaltools.gnu-tools-for-stm32.11.3.rel1.win32_1.1.1.202309131626/tools/bin/../lib/gcc/arm-none-eabi/11.3.1/../../../../arm-none-eabi/lib/thumb/v7-m/nofp\libc_nano.a(libc_a-strtol.o)
 .ARM.attributes
                0x00000000000005de       0x2d C:/ST/STM32CubeIDE_1.13.2/STM32CubeIDE/plugins/com.st.stm32cube.ide.mcu.externaltools.gnu-tools-for-stm32.11.3.rel1.win32_1.1.1.202309131626/tools/bin/../lib/gcc/arm-none-eabi/11.3.1/../../../../arm-none-eabi/lib/thumb/v7-m/nofp\libc_nano.a(libc_a-ctype_.o)
 .ARM.attributes
                0x000000000000060b       0x2d C:/ST/STM32CubeIDE_1.13.2/STM32CubeIDE/plugins/com.st.stm32cube.ide.mcu.externaltools.gnu-tools-for-stm32.11.3.rel1.win32_1.1.1.202309131626/tools/bin/../lib/gcc/arm-none-eabi/11.3.1/../../../../arm-none-eabi/lib/thumb/v7-m/nofp\libc_nano.a(libc_a-findfp.o)
 .ARM.attributes
                0x0000000000000638       0x2d C:/ST/STM32CubeIDE_1.13.2/STM32CubeIDE/plugins/com.st.stm32cube.ide.mcu.externaltools.gnu-tools-for-stm32.11.3.rel1.win32_1.1.1.202309131626/tools/bin/../lib/gcc/arm-none-eabi/11.3.1/../../../../arm-none-eabi/lib/thumb/v7-m/nofp\libc_nano.a(libc_a-snprintf.o)
 .ARM.attributes
                0x0000000000000665       0x2d C:/ST/STM32CubeIDE_1.13.2/STM32CubeIDE/plugins/com.st.stm32cube.ide.mcu.externaltools.gnu-tools-for-stm32.11.3.rel1.win32_1.1.1.202309131626/tools/bin/../lib/gcc/arm-none-eabi/11.3.1/../../../../arm-none-eabi/lib/thumb/v7-m/nofp\libc_nano.a(libc_a-sprintf.o)
 .ARM.attributes
                0x0000000000000692       0x2d C:/ST/STM32CubeIDE_1.13.2/STM32CubeIDE/plugins/com.st.stm32cube.ide.mcu.externaltools.gnu-tools-for-stm32.11.3.rel1.win32_1.1.1.202309131626/tools/bin/../lib/gcc/arm-none-eabi/11.3.1/../../../../arm-none-eabi/lib/thumb/v7-m/nofp\libc_nano.a(libc_a-memset.o)
 .ARM.attributes
                0x00000000000006bf       0x2d C:/ST/STM32CubeIDE_1.13.2/STM32CubeIDE/plugins/com.st.stm32cube.ide.mcu.externaltools.gnu-tools-for-stm32.11.3.rel1.win32_1.1.1.202309131626/tools/bin/../lib/gcc/arm-none-eabi/11.3.1/../../../../arm-none-eabi/lib/thumb/v7-m/nofp\libc_nano.a(libc_a-reent.o)
 .ARM.attributes
                0x00000000000006ec       0x2d C:/ST/STM32CubeIDE_1.13.2/STM32CubeIDE/plugins/com.st.stm32cube.ide.mcu.externaltools.gnu-tools-for-stm32.11.3.rel1.win32_1.1.1.202309131626/tools/bin/../lib/gcc/arm-none-eabi/11.3.1/../../../../arm-none-eabi/lib/thumb/v7-m/nofp\libc_nano.a(libc_a-impure.o)
 .ARM.attributes
                0x0000000000000719       0x2d C:/ST/STM32CubeIDE_1.13.2/STM32CubeIDE/plugins/com.st.stm32cube.ide.mcu.externaltools.gnu-tools-for-stm32.11.3.rel1.win32_1.1.1.202309131626/tools/bin/../lib/gcc/arm-none-eabi/11.3.1/../../../../arm-none-eabi/lib/thumb/v7-m/nofp\libc_nano.a(libc_a-errno.o)
 .ARM.attributes
                0x0000000000000746       0x2d C:/ST/STM32CubeIDE_1.13.2/STM32CubeIDE/plugins/com.st.stm32cube.ide.mcu.externaltools.gnu-tools-for-stm32.11.3.rel1.win32_1.1.1.202309131626/tools/bin/../lib/gcc/arm-none-eabi/11.3.1/../../../../arm-none-eabi/lib/thumb/v7-m/nofp\libc_nano.a(libc_a-init.o)
 .ARM.attributes
                0x0000000000000773       0x2d C:/ST/STM32CubeIDE_1.13.2/STM32CubeIDE/plugins/com.st.stm32cube.ide.mcu.externaltools.gnu-tools-for-stm32.11.3.rel1.win32_1.1.1.202309131626/tools/bin/../lib/gcc/arm-none-eabi/11.3.1/../../../../arm-none-eabi/lib/thumb/v7-m/nofp\libc_nano.a(libc_a-lock.o)
 .ARM.attributes
                0x00000000000007a0       0x2d C:/ST/STM32CubeIDE_1.13.2/STM32CubeIDE/plugins/com.st.stm32cube.ide.mcu.externaltools.gnu-tools-for-stm32.11.3.rel1.win32_1.1.1.202309131626/tools/bin/../lib/gcc/arm-none-eabi/11.3.1/../../../../arm-none-eabi/lib/thumb/v7-m/nofp\libc_nano.a(libc_a-memcpy-stub.o)
 .ARM.attributes
                0x00000000000007cd       0x17 C:/ST/STM32CubeIDE_1.13.2/STM32CubeIDE/plugins/com.st.stm32cube.ide.mcu.externaltools.gnu-tools-for-stm32.11.3.rel1.win32_1.1.1.202309131626/tools/bin/../lib/gcc/arm-none-eabi/11.3.1/../../../../arm-none-eabi/lib/thumb/v7-m/nofp\libc_nano.a(libc_a-strlen.o)
 .ARM.attributes
                0x00000000000007e4       0x2d C:/ST/STM32CubeIDE_1.13.2/STM32CubeIDE/plugins/com.st.stm32cube.ide.mcu.externaltools.gnu-tools-for-stm32.11.3.rel1.win32_1.1.1.202309131626/tools/bin/../lib/gcc/arm-none-eabi/11.3.1/../../../../arm-none-eabi/lib/thumb/v7-m/nofp\libc_nano.a(libc_a-freer.o)
 .ARM.attributes
                0x0000000000000811       0x2d C:/ST/STM32CubeIDE_1.13.2/STM32CubeIDE/plugins/com.st.stm32cube.ide.mcu.externaltools.gnu-tools-for-stm32.11.3.rel1.win32_1.1.1.202309131626/tools/bin/../lib/gcc/arm-none-eabi/11.3.1/../../../../arm-none-eabi/lib/thumb/v7-m/nofp\libc_nano.a(libc_a-mallocr.o)
 .ARM.attributes
                0x000000000000083e       0x2d C:/ST/STM32CubeIDE_1.13.2/STM32CubeIDE/plugins/com.st.stm32cube.ide.mcu.externaltools.gnu-tools-for-stm32.11.3.rel1.win32_1.1.1.202309131626/tools/bin/../lib/gcc/arm-none-eabi/11.3.1/../../../../arm-none-eabi/lib/thumb/v7-m/nofp\libc_nano.a(libc_a-mlock.o)
 .ARM.attributes
                0x000000000000086b       0x2d C:/ST/STM32CubeIDE_1.13.2/STM32CubeIDE/plugins/com.st.stm32cube.ide.mcu.externaltools.gnu-tools-for-stm32.11.3.rel1.win32_1.1.1.202309131626/tools/bin/../lib/gcc/arm-none-eabi/11.3.1/../../../../arm-none-eabi/lib/thumb/v7-m/nofp\libc_nano.a(libc_a-nano-svfprintf.o)
 .ARM.attributes
                0x0000000000000898       0x2d C:/ST/STM32CubeIDE_1.13.2/STM32CubeIDE/plugins/com.st.stm32cube.ide.mcu.externaltools.gnu-tools-for-stm32.11.3.rel1.win32_1.1.1.202309131626/tools/bin/../lib/gcc/arm-none-eabi/11.3.1/../../../../arm-none-eabi/lib/thumb/v7-m/nofp\libc_nano.a(libc_a-nano-vfprintf_i.o)
 .ARM.attributes
                0x00000000000008c5       0x2d C:/ST/STM32CubeIDE_1.13.2/STM32CubeIDE/plugins/com.st.stm32cube.ide.mcu.externaltools.gnu-tools-for-stm32.11.3.rel1.win32_1.1.1.202309131626/tools/bin/../lib/gcc/arm-none-eabi/11.3.1/../../../../arm-none-eabi/lib/thumb/v7-m/nofp\libc_nano.a(libc_a-memmove.o)
 .ARM.attributes
                0x00000000000008f2       0x2d C:/ST/STM32CubeIDE_1.13.2/STM32CubeIDE/plugins/com.st.stm32cube.ide.mcu.externaltools.gnu-tools-for-stm32.11.3.rel1.win32_1.1.1.202309131626/tools/bin/../lib/gcc/arm-none-eabi/11.3.1/../../../../arm-none-eabi/lib/thumb/v7-m/nofp\libc_nano.a(libc_a-sbrkr.o)
 .ARM.attributes
                0x000000000000091f       0x2d C:/ST/STM32CubeIDE_1.13.2/STM32CubeIDE/plugins/com.st.stm32cube.ide.mcu.externaltools.gnu-tools-for-stm32.11.3.rel1.win32_1.1.1.202309131626/tools/bin/../lib/gcc/arm-none-eabi/11.3.1/../../../../arm-none-eabi/lib/thumb/v7-m/nofp\libc_nano.a(libc_a-memchr-stub.o)
 .ARM.attributes
                0x000000000000094c       0x2d C:/ST/STM32CubeIDE_1.13.2/STM32CubeIDE/plugins/com.st.stm32cube.ide.mcu.externaltools.gnu-tools-for-stm32.11.3.rel1.win32_1.1.1.202309131626/tools/bin/../lib/gcc/arm-none-eabi/11.3.1/../../../../arm-none-eabi/lib/thumb/v7-m/nofp\libc_nano.a(libc_a-reallocr.o)
 .ARM.attributes
                0x0000000000000979       0x2d C:/ST/STM32CubeIDE_1.13.2/STM32CubeIDE/plugins/com.st.stm32cube.ide.mcu.externaltools.gnu-tools-for-stm32.11.3.rel1.win32_1.1.1.202309131626/tools/bin/../lib/gcc/arm-none-eabi/11.3.1/../../../../arm-none-eabi/lib/thumb/v7-m/nofp\libc_nano.a(libc_a-msizer.o)
 .ARM.attributes
                0x00000000000009a6       0x1d C:/ST/STM32CubeIDE_1.13.2/STM32CubeIDE/plugins/com.st.stm32cube.ide.mcu.externaltools.gnu-tools-for-stm32.11.3.rel1.win32_1.1.1.202309131626/tools/bin/../lib/gcc/arm-none-eabi/11.3.1/thumb/v7-m/nofp/crtn.o
OUTPUT(Carga_DC_desarrollo.elf elf32-littlearm)
LOAD linker stubs
LOAD C:/ST/STM32CubeIDE_1.13.2/STM32CubeIDE/plugins/com.st.stm32cube.ide.mcu.externaltools.gnu-tools-for-stm32.11.3.rel1.win32_1.1.1.202309131626/tools/bin/../lib/gcc/arm-none-eabi/11.3.1/../../../../arm-none-eabi/lib/thumb/v7-m/nofp\libc.a
LOAD C:/ST/STM32CubeIDE_1.13.2/STM32CubeIDE/plugins/com.st.stm32cube.ide.mcu.externaltools.gnu-tools-for-stm32.11.3.rel1.win32_1.1.1.202309131626/tools/bin/../lib/gcc/arm-none-eabi/11.3.1/../../../../arm-none-eabi/lib/thumb/v7-m/nofp\libm.a
LOAD C:/ST/STM32CubeIDE_1.13.2/STM32CubeIDE/plugins/com.st.stm32cube.ide.mcu.externaltools.gnu-tools-for-stm32.11.3.rel1.win32_1.1.1.202309131626/tools/bin/../lib/gcc/arm-none-eabi/11.3.1/thumb/v7-m/nofp\libgcc.a

.comment        0x0000000000000000       0x43
 .comment       0x0000000000000000       0x43 C:/ST/STM32CubeIDE_1.13.2/STM32CubeIDE/plugins/com.st.stm32cube.ide.mcu.externaltools.gnu-tools-for-stm32.11.3.rel1.win32_1.1.1.202309131626/tools/bin/../lib/gcc/arm-none-eabi/11.3.1/thumb/v7-m/nofp/crtbegin.o
                                         0x44 (size before relaxing)
 .comment       0x0000000000000043       0x44 ./Core/Src/LCD_I2C.o
 .comment       0x0000000000000043       0x44 ./Core/Src/keypad_lib.o
 .comment       0x0000000000000043       0x44 ./Core/Src/main.o
 .comment       0x0000000000000043       0x44 ./Core/Src/stm32f1xx_hal_msp.o
 .comment       0x0000000000000043       0x44 ./Core/Src/stm32f1xx_it.o
 .comment       0x0000000000000043       0x44 ./Core/Src/sysmem.o
 .comment       0x0000000000000043       0x44 ./Core/Src/system_stm32f1xx.o
 .comment       0x0000000000000043       0x44 ./Drivers/STM32F1xx_HAL_Driver/Src/stm32f1xx_hal.o
 .comment       0x0000000000000043       0x44 ./Drivers/STM32F1xx_HAL_Driver/Src/stm32f1xx_hal_adc.o
 .comment       0x0000000000000043       0x44 ./Drivers/STM32F1xx_HAL_Driver/Src/stm32f1xx_hal_cortex.o
 .comment       0x0000000000000043       0x44 ./Drivers/STM32F1xx_HAL_Driver/Src/stm32f1xx_hal_dma.o
 .comment       0x0000000000000043       0x44 ./Drivers/STM32F1xx_HAL_Driver/Src/stm32f1xx_hal_gpio.o