../Core/Src/main.c:113:5:main	24	static
../Core/Src/main.c:279:6:SystemClock_Config	88	static
../Core/Src/main.c:327:13:MX_ADC1_Init	24	static
../Core/Src/main.c:374:13:MX_ADC2_Init	24	static
../Core/Src/main.c:421:13:MX_I2C1_Init	8	static
../Core/Src/main.c:455:13:MX_SPI1_Init	8	static
../Core/Src/main.c:493:13:MX_TIM2_Init	32	static
../Core/Src/main.c:538:13:MX_TIM3_Init	32	static
../Core/Src/main.c:583:13:MX_USB_PCD_Init	8	static
../Core/Src/main.c:614:13:MX_GPIO_Init	40	static
../Core/Src/main.c:679:6:HAL_GPIO_EXTI_Callback	16	static
../Core/Src/main.c:696:6:HAL_TIM_PeriodElapsedCallback	16	static
../Core/Src/main.c:717:6:agregar_digito	24	static
../Core/Src/main.c:726:6:borrar_ultimo_digito	24	static
../Core/Src/main.c:734:10:leer_temperatura	24	static
../Core/Src/main.c:749:6:enviar_spi_dac	24	static
../Core/Src/main.c:761:6:display_update_conf	64	static
../Core/Src/main.c:793:6:display_update_stat	88	static
../Core/Src/main.c:860:6:display_update_running	96	static
../Core/Src/main.c:900:10:control_carga	32	static
../Core/Src/main.c:949:6:Error_Handler	4	static,ignoring_inline_asm
