Archive member included to satisfy reference by file (symbol)

f:/prog_files/stmicroelectronics/stm32cubeide_1.3.0/stm32cubeide/plugins/com.st.stm32cube.ide.mcu.externaltools.gnu-tools-for-stm32.7-2018-q2-update.win32_1.0.0.201904181610/tools/bin/../lib/gcc/arm-none-eabi/7.3.1/../../../../arm-none-eabi/lib/thumb/v7-m\libc_nano.a(lib_a-errno.o)
                              Src/syscalls.o (__errno)
f:/prog_files/stmicroelectronics/stm32cubeide_1.3.0/stm32cubeide/plugins/com.st.stm32cube.ide.mcu.externaltools.gnu-tools-for-stm32.7-2018-q2-update.win32_1.0.0.201904181610/tools/bin/../lib/gcc/arm-none-eabi/7.3.1/../../../../arm-none-eabi/lib/thumb/v7-m\libc_nano.a(lib_a-exit.o)
                              f:/prog_files/stmicroelectronics/stm32cubeide_1.3.0/stm32cubeide/plugins/com.st.stm32cube.ide.mcu.externaltools.gnu-tools-for-stm32.7-2018-q2-update.win32_1.0.0.201904181610/tools/bin/../lib/gcc/arm-none-eabi/7.3.1/../../../../arm-none-eabi/lib/thumb/v7-m/crt0.o (exit)
f:/prog_files/stmicroelectronics/stm32cubeide_1.3.0/stm32cubeide/plugins/com.st.stm32cube.ide.mcu.externaltools.gnu-tools-for-stm32.7-2018-q2-update.win32_1.0.0.201904181610/tools/bin/../lib/gcc/arm-none-eabi/7.3.1/../../../../arm-none-eabi/lib/thumb/v7-m\libc_nano.a(lib_a-impure.o)
                              f:/prog_files/stmicroelectronics/stm32cubeide_1.3.0/stm32cubeide/plugins/com.st.stm32cube.ide.mcu.externaltools.gnu-tools-for-stm32.7-2018-q2-update.win32_1.0.0.201904181610/tools/bin/../lib/gcc/arm-none-eabi/7.3.1/../../../../arm-none-eabi/lib/thumb/v7-m\libc_nano.a(lib_a-exit.o) (_global_impure_ptr)
f:/prog_files/stmicroelectronics/stm32cubeide_1.3.0/stm32cubeide/plugins/com.st.stm32cube.ide.mcu.externaltools.gnu-tools-for-stm32.7-2018-q2-update.win32_1.0.0.201904181610/tools/bin/../lib/gcc/arm-none-eabi/7.3.1/../../../../arm-none-eabi/lib/thumb/v7-m\libc_nano.a(lib_a-init.o)
                              f:/prog_files/stmicroelectronics/stm32cubeide_1.3.0/stm32cubeide/plugins/com.st.stm32cube.ide.mcu.externaltools.gnu-tools-for-stm32.7-2018-q2-update.win32_1.0.0.201904181610/tools/bin/../lib/gcc/arm-none-eabi/7.3.1/../../../../arm-none-eabi/lib/thumb/v7-m/crt0.o (__libc_init_array)
f:/prog_files/stmicroelectronics/stm32cubeide_1.3.0/stm32cubeide/plugins/com.st.stm32cube.ide.mcu.externaltools.gnu-tools-for-stm32.7-2018-q2-update.win32_1.0.0.201904181610/tools/bin/../lib/gcc/arm-none-eabi/7.3.1/../../../../arm-none-eabi/lib/thumb/v7-m\libc_nano.a(lib_a-memset.o)
                              f:/prog_files/stmicroelectronics/stm32cubeide_1.3.0/stm32cubeide/plugins/com.st.stm32cube.ide.mcu.externaltools.gnu-tools-for-stm32.7-2018-q2-update.win32_1.0.0.201904181610/tools/bin/../lib/gcc/arm-none-eabi/7.3.1/../../../../arm-none-eabi/lib/thumb/v7-m/crt0.o (memset)

Allocating common symbols
Common symbol       size              file

uwTick              0x4               Drivers/STM32F1xx_HAL_Driver/Src/stm32f1xx_hal.o
pFlash              0x20              Drivers/STM32F1xx_HAL_Driver/Src/stm32f1xx_hal_flash.o

Discarded input sections

 .text          0x0000000000000000        0x0 f:/prog_files/stmicroelectronics/stm32cubeide_1.3.0/stm32cubeide/plugins/com.st.stm32cube.ide.mcu.externaltools.gnu-tools-for-stm32.7-2018-q2-update.win32_1.0.0.201904181610/tools/bin/../lib/gcc/arm-none-eabi/7.3.1/thumb/v7-m/crti.o
 .data          0x0000000000000000        0x0 f:/prog_files/stmicroelectronics/stm32cubeide_1.3.0/stm32cubeide/plugins/com.st.stm32cube.ide.mcu.externaltools.gnu-tools-for-stm32.7-2018-q2-update.win32_1.0.0.201904181610/tools/bin/../lib/gcc/arm-none-eabi/7.3.1/thumb/v7-m/crti.o
 .bss           0x0000000000000000        0x0 f:/prog_files/stmicroelectronics/stm32cubeide_1.3.0/stm32cubeide/plugins/com.st.stm32cube.ide.mcu.externaltools.gnu-tools-for-stm32.7-2018-q2-update.win32_1.0.0.201904181610/tools/bin/../lib/gcc/arm-none-eabi/7.3.1/thumb/v7-m/crti.o
 .data          0x0000000000000000        0x4 f:/prog_files/stmicroelectronics/stm32cubeide_1.3.0/stm32cubeide/plugins/com.st.stm32cube.ide.mcu.externaltools.gnu-tools-for-stm32.7-2018-q2-update.win32_1.0.0.201904181610/tools/bin/../lib/gcc/arm-none-eabi/7.3.1/thumb/v7-m/crtbegin.o
 .text          0x0000000000000000       0x74 f:/prog_files/stmicroelectronics/stm32cubeide_1.3.0/stm32cubeide/plugins/com.st.stm32cube.ide.mcu.externaltools.gnu-tools-for-stm32.7-2018-q2-update.win32_1.0.0.201904181610/tools/bin/../lib/gcc/arm-none-eabi/7.3.1/../../../../arm-none-eabi/lib/thumb/v7-m/crt0.o
 .data          0x0000000000000000        0x0 f:/prog_files/stmicroelectronics/stm32cubeide_1.3.0/stm32cubeide/plugins/com.st.stm32cube.ide.mcu.externaltools.gnu-tools-for-stm32.7-2018-q2-update.win32_1.0.0.201904181610/tools/bin/../lib/gcc/arm-none-eabi/7.3.1/../../../../arm-none-eabi/lib/thumb/v7-m/crt0.o
[...]
Memory Configuration

Name             Origin             Length             Attributes
RAM              0x0000000020000000 0x0000000000005000 xrw
FLASH            0x0000000008000000 0x0000000000010000 xr
*default*        0x0000000000000000 0xffffffffffffffff

Linker script and memory map

LOAD f:/prog_files/stmicroelectronics/stm32cubeide_1.3.0/stm32cubeide/plugins/com.st.stm32cube.ide.mcu.externaltools.gnu-tools-for-stm32.7-2018-q2-update.win32_1.0.0.201904181610/tools/bin/../lib/gcc/arm-none-eabi/7.3.1/thumb/v7-m/crti.o
LOAD f:/prog_files/stmicroelectronics/stm32cubeide_1.3.0/stm32cubeide/plugins/com.st.stm32cube.ide.mcu.externaltools.gnu-tools-for-stm32.7-2018-q2-update.win32_1.0.0.201904181610/tools/bin/../lib/gcc/arm-none-eabi/7.3.1/thumb/v7-m/crtbegin.o
LOAD f:/prog_files/stmicroelectronics/stm32cubeide_1.3.0/stm32cubeide/plugins/com.st.stm32cube.ide.mcu.externaltools.gnu-tools-for-stm32.7-2018-q2-update.win32_1.0.0.201904181610/tools/bin/../lib/gcc/arm-none-eabi/7.3.1/../../../../arm-none-eabi/lib/thumb/v7-m/crt0.o
LOAD Drivers/STM32F1xx_HAL_Driver/Src/stm32f1xx_hal.o
LOAD Drivers/STM32F1xx_HAL_Driver/Src/stm32f1xx_hal_cortex.o
LOAD Drivers/STM32F1xx_HAL_Driver/Src/stm32f1xx_hal_dma.o
LOAD Drivers/STM32F1xx_HAL_Driver/Src/stm32f1xx_hal_exti.o
LOAD Drivers/STM32F1xx_HAL_Driver/Src/stm32f1xx_hal_flash.o
LOAD Drivers/STM32F1xx_HAL_Driver/Src/stm32f1xx_hal_flash_ex.o
LOAD Drivers/STM32F1xx_HAL_Driver/Src/stm32f1xx_hal_gpio.o
LOAD Drivers/STM32F1xx_HAL_Driver/Src/stm32f1xx_hal_gpio_ex.o
LOAD Drivers/STM32F1xx_HAL_Driver/Src/stm32f1xx_hal_pwr.o
LOAD Drivers/STM32F1xx_HAL_Driver/Src/stm32f1xx_hal_rcc.o
LOAD Drivers/STM32F1xx_HAL_Driver/Src/stm32f1xx_hal_rcc_ex.o
LOAD Drivers/STM32F1xx_HAL_Driver/Src/stm32f1xx_hal_tim.o
LOAD Drivers/STM32F1xx_HAL_Driver/Src/stm32f1xx_hal_tim_ex.o
LOAD ECUAL/KEYPAD/KEYPAD.o
LOAD ECUAL/KEYPAD/KEYPAD_cfg.o
LOAD ECUAL/LEDS/LEDS.o
LOAD ECUAL/LEDS/LEDS_cfg.o
LOAD Src/main.o
LOAD Src/stm32f1xx_hal_msp.o
LOAD Src/stm32f1xx_it.o
LOAD Src/syscalls.o
LOAD Src/sysmem.o
LOAD Src/system_stm32f1xx.o
LOAD Startup/startup_stm32f103c8tx.o
START GROUP
LOAD f:/prog_files/stmicroelectronics/stm32cubeide_1.3.0/stm32cubeide/plugins/com.st.stm32cube.ide.mcu.externaltools.gnu-tools-for-stm32.7-2018-q2-update.win32_1.0.0.201904181610/tools/bin/../lib/gcc/arm-none-eabi/7.3.1/../../../../arm-none-eabi/lib/thumb/v7-m\libc_nano.a
LOAD f:/prog_files/stmicroelectronics/stm32cubeide_1.3.0/stm32cubeide/plugins/com.st.stm32cube.ide.mcu.externaltools.gnu-tools-for-stm32.7-2018-q2-update.win32_1.0.0.201904181610/tools/bin/../lib/gcc/arm-none-eabi/7.3.1/../../../../arm-none-eabi/lib/thumb/v7-m\libm.a
END GROUP
START GROUP
LOAD f:/prog_files/stmicroelectronics/stm32cubeide_1.3.0/stm32cubeide/plugins/com.st.stm32cube.ide.mcu.externaltools.gnu-tools-for-stm32.7-2018-q2-update.win32_1.0.0.201904181610/tools/bin/../lib/gcc/arm-none-eabi/7.3.1/thumb/v7-m\libgcc.a
LOAD f:/prog_files/stmicroelectronics/stm32cubeide_1.3.0/stm32cubeide/plugins/com.st.stm32cube.ide.mcu.externaltools.gnu-tools-for-stm32.7-2018-q2-update.win32_1.0.0.201904181610/tools/bin/../lib/gcc/arm-none-eabi/7.3.1/../../../../arm-none-eabi/lib/thumb/v7-m\libc_nano.a
END GROUP
START GROUP
LOAD f:/prog_files/stmicroelectronics/stm32cubeide_1.3.0/stm32cubeide/plugins/com.st.stm32cube.ide.mcu.externaltools.gnu-tools-for-stm32.7-2018-q2-update.win32_1.0.0.201904181610/tools/bin/../lib/gcc/arm-none-eabi/7.3.1/thumb/v7-m\libgcc.a
LOAD f:/prog_files/stmicroelectronics/stm32cubeide_1.3.0/stm32cubeide/plugins/com.st.stm32cube.ide.mcu.externaltools.gnu-tools-for-stm32.7-2018-q2-update.win32_1.0.0.201904181610/tools/bin/../lib/gcc/arm-none-eabi/7.3.1/../../../../arm-none-eabi/lib/thumb/v7-m\libc_nano.a
LOAD f:/prog_files/stmicroelectronics/stm32cubeide_1.3.0/stm32cubeide/plugins/com.st.stm32cube.ide.mcu.externaltools.gnu-tools-for-stm32.7-2018-q2-update.win32_1.0.0.201904181610/tools/bin/../lib/gcc/arm-none-eabi/7.3.1/../../../../arm-none-eabi/lib/thumb/v7-m\libnosys.a
END GROUP
START GROUP
LOAD f:/prog_files/stmicroelectronics/stm32cubeide_1.3.0/stm32cubeide/plugins/com.st.stm32cube.ide.mcu.externaltools.gnu-tools-for-stm32.7-2018-q2-update.win32_1.0.0.201904181610/tools/bin/../lib/gcc/arm-none-eabi/7.3.1/thumb/v7-m\libgcc.a
LOAD f:/prog_files/stmicroelectronics/stm32cubeide_1.3.0/stm32cubeide/plugins/com.st.stm32cube.ide.mcu.externaltools.gnu-tools-for-stm32.7-2018-q2-update.win32_1.0.0.201904181610/tools/bin/../lib/gcc/arm-none-eabi/7.3.1/../../../../arm-none-eabi/lib/thumb/v7-m\libc_nano.a
LOAD f:/prog_files/stmicroelectronics/stm32cubeide_1.3.0/stm32cubeide/plugins/com.st.stm32cube.ide.mcu.externaltools.gnu-tools-for-stm32.7-2018-q2-update.win32_1.0.0.201904181610/tools/bin/../lib/gcc/arm-none-eabi/7.3.1/../../../../arm-none-eabi/lib/thumb/v7-m\libnosys.a
END GROUP
LOAD f:/prog_files/stmicroelectronics/stm32cubeide_1.3.0/stm32cubeide/plugins/com.st.stm32cube.ide.mcu.externaltools.gnu-tools-for-stm32.7-2018-q2-update.win32_1.0.0.201904181610/tools/bin/../lib/gcc/arm-none-eabi/7.3.1/thumb/v7-m/crtend.o
LOAD f:/prog_files/stmicroelectronics/stm32cubeide_1.3.0/stm32cubeide/plugins/com.st.stm32cube.ide.mcu.externaltools.gnu-tools-for-stm32.7-2018-q2-update.win32_1.0.0.201904181610/tools/bin/../lib/gcc/arm-none-eabi/7.3.1/thumb/v7-m/crtn.o
                0x0000000020005000                _estack = (ORIGIN (RAM) + LENGTH (RAM))
                0x0000000000000200                _Min_Heap_Size = 0x200
                0x0000000000000400                _Min_Stack_Size = 0x400

.isr_vector     0x0000000008000000      0x10c
                0x0000000008000000                . = ALIGN (0x4)
 *(.isr_vector)
 .isr_vector    0x0000000008000000      0x10c Startup/startup_stm32f103c8tx.o
                0x0000000008000000                g_pfnVectors
                0x000000000800010c                . = ALIGN (0x4)

.text           0x000000000800010c     0x27dc
                0x000000000800010c                . = ALIGN (0x4)
 *(.text)
 .text          0x000000000800010c       0x40 f:/prog_files/stmicroelectronics/stm32cubeide_1.3.0/stm32cubeide/plugins/com.st.stm32cube.ide.mcu.externaltools.gnu-tools-for-stm32.7-2018-q2-update.win32_1.0.0.201904181610/tools/bin/../lib/gcc/arm-none-eabi/7.3.1/thumb/v7-m/crtbegin.o
 *(.text*)
 .text.HAL_Init
                0x000000000800014c       0x2c Drivers/STM32F1xx_HAL_Driver/Src/stm32f1xx_hal.o
                0x000000000800014c                HAL_Init
 .text.HAL_InitTick
                0x0000000008000178       0x60 Drivers/STM32F1xx_HAL_Driver/Src/stm32f1xx_hal.o
                0x0000000008000178                HAL_InitTick
 .text.HAL_IncTick
                0x00000000080001d8       0x24 Drivers/STM32F1xx_HAL_Driver/Src/stm32f1xx_hal.o
                0x00000000080001d8                HAL_IncTick
 .text.HAL_GetTick
                0x00000000080001fc       0x14 Drivers/STM32F1xx_HAL_Driver/Src/stm32f1xx_hal.o
                0x00000000080001fc                HAL_GetTick
 .text.__NVIC_SetPriorityGrouping
                0x0000000008000210       0x48 Drivers/STM32F1xx_HAL_Driver/Src/stm32f1xx_hal_cortex.o
 .text.__NVIC_GetPriorityGrouping
                0x0000000008000258       0x1c Drivers/STM32F1xx_HAL_Driver/Src/stm32f1xx_hal_cortex.o
 .text.__NVIC_SetPriority
                0x0000000008000274       0x54 Drivers/STM32F1xx_HAL_Driver/Src/stm32f1xx_hal_cortex.o
 .text.NVIC_EncodePriority
                0x00000000080002c8       0x64 Drivers/STM32F1xx_HAL_Driver/Src/stm32f1xx_hal_cortex.o
 .text.SysTick_Config
                0x000000000800032c       0x44 Drivers/STM32F1xx_HAL_Driver/Src/stm32f1xx_hal_cortex.o
 .text.HAL_NVIC_SetPriorityGrouping
                0x0000000008000370       0x16 Drivers/STM32F1xx_HAL_Driver/Src/stm32f1xx_hal_cortex.o
                0x0000000008000370                HAL_NVIC_SetPriorityGrouping
 .text.HAL_NVIC_SetPriority
                0x0000000008000386       0x38 Drivers/STM32F1xx_HAL_Driver/Src/stm32f1xx_hal_cortex.o
                0x0000000008000386                HAL_NVIC_SetPriority
 .text.HAL_SYSTICK_Config
                0x00000000080003be       0x18 Drivers/STM32F1xx_HAL_Driver/Src/stm32f1xx_hal_cortex.o
                0x00000000080003be                HAL_SYSTICK_Config
 *fill*         0x00000000080003d6        0x2 
 .text.HAL_GPIO_Init
                0x00000000080003d8      0x2b4 Drivers/STM32F1xx_HAL_Driver/Src/stm32f1xx_hal_gpio.o
                0x00000000080003d8                HAL_GPIO_Init
 .text.HAL_GPIO_ReadPin
                0x000000000800068c       0x2e Drivers/STM32F1xx_HAL_Driver/Src/stm32f1xx_hal_gpio.o
                0x000000000800068c                HAL_GPIO_ReadPin
 .text.HAL_GPIO_WritePin
                0x00000000080006ba       0x30 Drivers/STM32F1xx_HAL_Driver/Src/stm32f1xx_hal_gpio.o
                0x00000000080006ba                HAL_GPIO_WritePin
 *fill*         0x00000000080006ea        0x2 
 .text.HAL_RCC_OscConfig
                0x00000000080006ec      0x500 Drivers/STM32F1xx_HAL_Driver/Src/stm32f1xx_hal_rcc.o
                0x00000000080006ec                HAL_RCC_OscConfig
 .text.HAL_RCC_ClockConfig
                0x0000000008000bec      0x1d4 Drivers/STM32F1xx_HAL_Driver/Src/stm32f1xx_hal_rcc.o
                0x0000000008000bec                HAL_RCC_ClockConfig
 .text.HAL_RCC_GetSysClockFreq
                0x0000000008000dc0       0xc4 Drivers/STM32F1xx_HAL_Driver/Src/stm32f1xx_hal_rcc.o
                0x0000000008000dc0                HAL_RCC_GetSysClockFreq
 .text.RCC_Delay
                0x0000000008000e84       0x3c Drivers/STM32F1xx_HAL_Driver/Src/stm32f1xx_hal_rcc.o
 .text.KEYPAD_Init
                0x0000000008000ec0      0x350 ECUAL/KEYPAD/KEYPAD.o
                0x0000000008000ec0                KEYPAD_Init
 .text.KEYPAD_Scan
                0x0000000008001210     0x125c ECUAL/KEYPAD/KEYPAD.o
                0x0000000008001210                KEYPAD_Scan
 .text.LEDs_Init
                0x000000000800246c      0x158 ECUAL/LEDS/LEDS.o
                0x000000000800246c                LEDs_Init
 .text.LED_ON   0x00000000080025c4       0x30 ECUAL/LEDS/LEDS.o
                0x00000000080025c4                LED_ON
 .text.LED_OFF  0x00000000080025f4       0x30 ECUAL/LEDS/LEDS.o
                0x00000000080025f4                LED_OFF
 .text.main     0x0000000008002624       0x50 Src/main.o
                0x0000000008002624                main
 .text.SysTick_CallBack
                0x0000000008002674       0x2c Src/main.o
                0x0000000008002674                SysTick_CallBack
 .text.SystemClock_Config
                0x00000000080026a0       0x8a Src/main.o
                0x00000000080026a0                SystemClock_Config
 *fill*         0x000000000800272a        0x2 
 .text.MX_GPIO_Init
                0x000000000800272c       0x2c Src/main.o
 .text.Error_Handler
                0x0000000008002758        0xc Src/main.o
                0x0000000008002758                Error_Handler
 .text.HAL_MspInit
                0x0000000008002764       0x64 Src/stm32f1xx_hal_msp.o
                0x0000000008002764                HAL_MspInit
 .text.NMI_Handler
                0x00000000080027c8        0xc Src/stm32f1xx_it.o
                0x00000000080027c8                NMI_Handler
 .text.HardFault_Handler
                0x00000000080027d4        0x6 Src/stm32f1xx_it.o
                0x00000000080027d4                HardFault_Handler
 .text.MemManage_Handler
                0x00000000080027da        0x6 Src/stm32f1xx_it.o
                0x00000000080027da                MemManage_Handler
 .text.BusFault_Handler
                0x00000000080027e0        0x6 Src/stm32f1xx_it.o
                0x00000000080027e0                BusFault_Handler
 .text.UsageFault_Handler
                0x00000000080027e6        0x6 Src/stm32f1xx_it.o
                0x00000000080027e6                UsageFault_Handler
 .text.SVC_Handler
                0x00000000080027ec        0xc Src/stm32f1xx_it.o
                0x00000000080027ec                SVC_Handler
 .text.DebugMon_Handler
                0x00000000080027f8        0xc Src/stm32f1xx_it.o
                0x00000000080027f8                DebugMon_Handler
 .text.PendSV_Handler
                0x0000000008002804        0xc Src/stm32f1xx_it.o
                0x0000000008002804                PendSV_Handler
 .text.SysTick_Handler
                0x0000000008002810       0x10 Src/stm32f1xx_it.o
                0x0000000008002810                SysTick_Handler
 .text.SystemInit
                0x0000000008002820        0xc Src/system_stm32f1xx.o
                0x0000000008002820                SystemInit
 .text.Reset_Handler
                0x000000000800282c       0x48 Startup/startup_stm32f103c8tx.o
                0x000000000800282c                Reset_Handler
 .text.Default_Handler
                0x0000000008002874        0x2 Startup/startup_stm32f103c8tx.o
                0x0000000008002874                RTC_Alarm_IRQHandler
                0x0000000008002874                EXTI2_IRQHandler
                0x0000000008002874                TIM1_CC_IRQHandler
                0x0000000008002874                PVD_IRQHandler
                0x0000000008002874                EXTI3_IRQHandler
                0x0000000008002874                EXTI0_IRQHandler
                0x0000000008002874                I2C2_EV_IRQHandler
                0x0000000008002874                ADC1_2_IRQHandler
                0x0000000008002874                SPI1_IRQHandler
                0x0000000008002874                TAMPER_IRQHandler
                0x0000000008002874                DMA1_Channel4_IRQHandler
                0x0000000008002874                USART3_IRQHandler
                0x0000000008002874                RTC_IRQHandler
                0x0000000008002874                DMA1_Channel7_IRQHandler
                0x0000000008002874                CAN1_RX1_IRQHandler
                0x0000000008002874                TIM4_IRQHandler
                0x0000000008002874                I2C1_EV_IRQHandler
                0x0000000008002874                DMA1_Channel6_IRQHandler
                0x0000000008002874                TIM3_IRQHandler
                0x0000000008002874                RCC_IRQHandler
                0x0000000008002874                TIM1_TRG_COM_IRQHandler
                0x0000000008002874                DMA1_Channel1_IRQHandler
                0x0000000008002874                Default_Handler
                0x0000000008002874                EXTI15_10_IRQHandler
                0x0000000008002874                EXTI9_5_IRQHandler
                0x0000000008002874                SPI2_IRQHandler
                0x0000000008002874                DMA1_Channel5_IRQHandler
                0x0000000008002874                EXTI4_IRQHandler
                0x0000000008002874                USB_LP_CAN1_RX0_IRQHandler
                0x0000000008002874                USB_HP_CAN1_TX_IRQHandler
                0x0000000008002874                DMA1_Channel3_IRQHandler
                0x0000000008002874                TIM1_UP_IRQHandler
                0x0000000008002874                WWDG_IRQHandler
                0x0000000008002874                TIM2_IRQHandler
                0x0000000008002874                TIM1_BRK_IRQHandler
                0x0000000008002874                EXTI1_IRQHandler
                0x0000000008002874                USART2_IRQHandler
                0x0000000008002874                I2C2_ER_IRQHandler
                0x0000000008002874                DMA1_Channel2_IRQHandler
                0x0000000008002874                CAN1_SCE_IRQHandler
                0x0000000008002874                FLASH_IRQHandler
                0x0000000008002874                USART1_IRQHandler
                0x0000000008002874                I2C1_ER_IRQHandler
                0x0000000008002874                USBWakeUp_IRQHandler
 *fill*         0x0000000008002876        0x2 
 .text.__libc_init_array
                0x0000000008002878       0x48 f:/prog_files/stmicroelectronics/stm32cubeide_1.3.0/stm32cubeide/plugins/com.st.stm32cube.ide.mcu.externaltools.gnu-tools-for-stm32.7-2018-q2-update.win32_1.0.0.201904181610/tools/bin/../lib/gcc/arm-none-eabi/7.3.1/../../../../arm-none-eabi/lib/thumb/v7-m\libc_nano.a(lib_a-init.o)
                0x0000000008002878                __libc_init_array
 .text.memset   0x00000000080028c0       0x10 f:/prog_files/stmicroelectronics/stm32cubeide_1.3.0/stm32cubeide/plugins/com.st.stm32cube.ide.mcu.externaltools.gnu-tools-for-stm32.7-2018-q2-update.win32_1.0.0.201904181610/tools/bin/../lib/gcc/arm-none-eabi/7.3.1/../../../../arm-none-eabi/lib/thumb/v7-m\libc_nano.a(lib_a-memset.o)
                0x00000000080028c0                memset
 *(.glue_7)
 .glue_7        0x00000000080028d0        0x0 linker stubs
 *(.glue_7t)
 .glue_7t       0x00000000080028d0        0x0 linker stubs
 *(.eh_frame)
 .eh_frame      0x00000000080028d0        0x0 f:/prog_files/stmicroelectronics/stm32cubeide_1.3.0/stm32cubeide/plugins/com.st.stm32cube.ide.mcu.externaltools.gnu-tools-for-stm32.7-2018-q2-update.win32_1.0.0.201904181610/tools/bin/../lib/gcc/arm-none-eabi/7.3.1/thumb/v7-m/crtbegin.o
 *(.init)
 .init          0x00000000080028d0        0x4 f:/prog_files/stmicroelectronics/stm32cubeide_1.3.0/stm32cubeide/plugins/com.st.stm32cube.ide.mcu.externaltools.gnu-tools-for-stm32.7-2018-q2-update.win32_1.0.0.201904181610/tools/bin/../lib/gcc/arm-none-eabi/7.3.1/thumb/v7-m/crti.o
                0x00000000080028d0                _init
 .init          0x00000000080028d4        0x8 f:/prog_files/stmicroelectronics/stm32cubeide_1.3.0/stm32cubeide/plugins/com.st.stm32cube.ide.mcu.externaltools.gnu-tools-for-stm32.7-2018-q2-update.win32_1.0.0.201904181610/tools/bin/../lib/gcc/arm-none-eabi/7.3.1/thumb/v7-m/crtn.o
 *(.fini)
 .fini          0x00000000080028dc        0x4 f:/prog_files/stmicroelectronics/stm32cubeide_1.3.0/stm32cubeide/plugins/com.st.stm32cube.ide.mcu.externaltools.gnu-tools-for-stm32.7-2018-q2-update.win32_1.0.0.201904181610/tools/bin/../lib/gcc/arm-none-eabi/7.3.1/thumb/v7-m/crti.o
                0x00000000080028dc                _fini
 .fini          0x00000000080028e0        0x8 f:/prog_files/stmicroelectronics/stm32cubeide_1.3.0/stm32cubeide/plugins/com.st.stm32cube.ide.mcu.externaltools.gnu-tools-for-stm32.7-2018-q2-update.win32_1.0.0.201904181610/tools/bin/../lib/gcc/arm-none-eabi/7.3.1/thumb/v7-m/crtn.o
                0x00000000080028e8                . = ALIGN (0x4)
                0x00000000080028e8                _etext = .

.vfp11_veneer   0x00000000080028e8        0x0
 .vfp11_veneer  0x00000000080028e8        0x0 linker stubs

.v4_bx          0x00000000080028e8        0x0
 .v4_bx         0x00000000080028e8        0x0 linker stubs

.iplt           0x00000000080028e8        0x0
 .iplt          0x00000000080028e8        0x0 f:/prog_files/stmicroelectronics/stm32cubeide_1.3.0/stm32cubeide/plugins/com.st.stm32cube.ide.mcu.externaltools.gnu-tools-for-stm32.7-2018-q2-update.win32_1.0.0.201904181610/tools/bin/../lib/gcc/arm-none-eabi/7.3.1/thumb/v7-m/crtbegin.o

.rodata         0x00000000080028e8       0x64
                0x00000000080028e8                . = ALIGN (0x4)
 *(.rodata)
 .rodata        0x00000000080028e8       0x12 Drivers/STM32F1xx_HAL_Driver/Src/stm32f1xx_hal_rcc.o
 *(.rodata*)
 *fill*         0x00000000080028fa        0x2 
 .rodata.KEYPAD_CfgParam
                0x00000000080028fc       0x30 ECUAL/KEYPAD/KEYPAD_cfg.o
                0x00000000080028fc                KEYPAD_CfgParam
 .rodata.LED_CfgParam
                0x000000000800292c       0x10 ECUAL/LEDS/LEDS_cfg.o
                0x000000000800292c                LED_CfgParam
 .rodata.AHBPrescTable
                0x000000000800293c       0x10 Src/system_stm32f1xx.o
                0x000000000800293c                AHBPrescTable
                0x000000000800294c                . = ALIGN (0x4)

.rel.dyn        0x000000000800294c        0x0
 .rel.iplt      0x000000000800294c        0x0 f:/prog_files/stmicroelectronics/stm32cubeide_1.3.0/stm32cubeide/plugins/com.st.stm32cube.ide.mcu.externaltools.gnu-tools-for-stm32.7-2018-q2-update.win32_1.0.0.201904181610/tools/bin/../lib/gcc/arm-none-eabi/7.3.1/thumb/v7-m/crtbegin.o

.ARM.extab      0x000000000800294c        0x0
                0x000000000800294c                . = ALIGN (0x4)
 *(.ARM.extab* .gnu.linkonce.armextab.*)
                0x000000000800294c                . = ALIGN (0x4)

.ARM            0x000000000800294c        0x0
                0x000000000800294c                . = ALIGN (0x4)
                0x000000000800294c                __exidx_start = .
 *(.ARM.exidx*)
                0x000000000800294c                __exidx_end = .
                0x000000000800294c                . = ALIGN (0x4)

.preinit_array  0x000000000800294c        0x0
                0x000000000800294c                . = ALIGN (0x4)
                0x000000000800294c                PROVIDE (__preinit_array_start = .)
 *(.preinit_array*)
                0x000000000800294c                PROVIDE (__preinit_array_end = .)
                0x000000000800294c                . = ALIGN (0x4)

.init_array     0x000000000800294c        0x4
                0x000000000800294c                . = ALIGN (0x4)
                0x000000000800294c                PROVIDE (__init_array_start = .)
 *(SORT_BY_NAME(.init_array.*))
 *(.init_array*)
 .init_array    0x000000000800294c        0x4 f:/prog_files/stmicroelectronics/stm32cubeide_1.3.0/stm32cubeide/plugins/com.st.stm32cube.ide.mcu.externaltools.gnu-tools-for-stm32.7-2018-q2-update.win32_1.0.0.201904181610/tools/bin/../lib/gcc/arm-none-eabi/7.3.1/thumb/v7-m/crtbegin.o
                0x0000000008002950                PROVIDE (__init_array_end = .)
                0x0000000008002950                . = ALIGN (0x4)

.fini_array     0x0000000008002950        0x4
                0x0000000008002950                . = ALIGN (0x4)
                [!provide]                        PROVIDE (__fini_array_start = .)
 *(SORT_BY_NAME(.fini_array.*))
 *(.fini_array*)
 .fini_array    0x0000000008002950        0x4 f:/prog_files/stmicroelectronics/stm32cubeide_1.3.0/stm32cubeide/plugins/com.st.stm32cube.ide.mcu.externaltools.gnu-tools-for-stm32.7-2018-q2-update.win32_1.0.0.201904181610/tools/bin/../lib/gcc/arm-none-eabi/7.3.1/thumb/v7-m/crtbegin.o
                [!provide]                        PROVIDE (__fini_array_end = .)
                0x0000000008002954                . = ALIGN (0x4)
                0x0000000008002954                _sidata = LOADADDR (.data)

.data           0x0000000020000000        0xc load address 0x0000000008002954
                0x0000000020000000                . = ALIGN (0x4)
                0x0000000020000000                _sdata = .
 *(.data)
 *(.data*)
 .data.uwTickPrio
                0x0000000020000000        0x4 Drivers/STM32F1xx_HAL_Driver/Src/stm32f1xx_hal.o
                0x0000000020000000                uwTickPrio
 .data.uwTickFreq
                0x0000000020000004        0x1 Drivers/STM32F1xx_HAL_Driver/Src/stm32f1xx_hal.o
                0x0000000020000004                uwTickFreq
 *fill*         0x0000000020000005        0x3 
 .data.SystemCoreClock
                0x0000000020000008        0x4 Src/system_stm32f1xx.o
                0x0000000020000008                SystemCoreClock
                0x000000002000000c                . = ALIGN (0x4)
                0x000000002000000c                _edata = .

.igot.plt       0x000000002000000c        0x0 load address 0x0000000008002960
 .igot.plt      0x000000002000000c        0x0 f:/prog_files/stmicroelectronics/stm32cubeide_1.3.0/stm32cubeide/plugins/com.st.stm32cube.ide.mcu.externaltools.gnu-tools-for-stm32.7-2018-q2-update.win32_1.0.0.201904181610/tools/bin/../lib/gcc/arm-none-eabi/7.3.1/thumb/v7-m/crtbegin.o
                0x000000002000000c                . = ALIGN (0x4)

.bss            0x000000002000000c       0x38 load address 0x0000000008002960
                0x000000002000000c                _sbss = .
                0x000000002000000c                __bss_start__ = _sbss
 *(.bss)
 .bss           0x000000002000000c       0x1c f:/prog_files/stmicroelectronics/stm32cubeide_1.3.0/stm32cubeide/plugins/com.st.stm32cube.ide.mcu.externaltools.gnu-tools-for-stm32.7-2018-q2-update.win32_1.0.0.201904181610/tools/bin/../lib/gcc/arm-none-eabi/7.3.1/thumb/v7-m/crtbegin.o
 *(.bss*)
 .bss.gs_KEYPAD_info
                0x0000000020000028        0x4 ECUAL/KEYPAD/KEYPAD.o
 .bss.gu8_KeyStatesArr
                0x000000002000002c       0x10 Src/main.o
                0x000000002000002c                gu8_KeyStatesArr
 .bss.SysTicks  0x000000002000003c        0x1 Src/main.o
                0x000000002000003c                SysTicks
 *(COMMON)
 *fill*         0x000000002000003d        0x3 
 COMMON         0x0000000020000040        0x4 Drivers/STM32F1xx_HAL_Driver/Src/stm32f1xx_hal.o
                0x0000000020000040                uwTick
                0x0000000020000044                . = ALIGN (0x4)
                0x0000000020000044                _ebss = .
                0x0000000020000044                __bss_end__ = _ebss

._user_heap_stack
                0x0000000020000044      0x604 load address 0x0000000008002960
                0x0000000020000048                . = ALIGN (0x8)
 *fill*         0x0000000020000044        0x4 
                0x0000000020000048                PROVIDE (end = .)
                [!provide]                        PROVIDE (_end = .)
                0x0000000020000248                . = (. + _Min_Heap_Size)
 *fill*         0x0000000020000048      0x200 
                0x0000000020000648                . = (. + _Min_Stack_Size)
 *fill*         0x0000000020000248      0x400 
                0x0000000020000648                . = ALIGN (0x8)

/DISCARD/
 libc.a(*)
 libm.a(*)
 libgcc.a(*)

.ARM.attributes
                0x0000000000000000       0x29
 *(.ARM.attributes)
 .ARM.attributes
                0x0000000000000000       0x1d f:/prog_files/stmicroelectronics/stm32cubeide_1.3.0/stm32cubeide/plugins/com.st.stm32cube.ide.mcu.externaltools.gnu-tools-for-stm32.7-2018-q2-update.win32_1.0.0.201904181610/tools/bin/../lib/gcc/arm-none-eabi/7.3.1/thumb/v7-m/crti.o
 .ARM.attributes
                0x000000000000001d       0x2d f:/prog_files/stmicroelectronics/stm32cubeide_1.3.0/stm32cubeide/plugins/com.st.stm32cube.ide.mcu.externaltools.gnu-tools-for-stm32.7-2018-q2-update.win32_1.0.0.201904181610/tools/bin/../lib/gcc/arm-none-eabi/7.3.1/thumb/v7-m/crtbegin.o
 .ARM.attributes
                0x000000000000004a       0x33 Drivers/STM32F1xx_HAL_Driver/Src/stm32f1xx_hal.o
 .ARM.attributes
                0x000000000000007d       0x33 Drivers/STM32F1xx_HAL_Driver/Src/stm32f1xx_hal_cortex.o
 .ARM.attributes
                0x00000000000000b0       0x33 Drivers/STM32F1xx_HAL_Driver/Src/stm32f1xx_hal_gpio.o
 .ARM.attributes
                0x00000000000000e3       0x33 Drivers/STM32F1xx_HAL_Driver/Src/stm32f1xx_hal_rcc.o
 .ARM.attributes
                0x0000000000000116       0x33 ECUAL/KEYPAD/KEYPAD.o
 .ARM.attributes
                0x0000000000000149       0x33 ECUAL/KEYPAD/KEYPAD_cfg.o
 .ARM.attributes
                0x000000000000017c       0x33 ECUAL/LEDS/LEDS.o
 .ARM.attributes
                0x00000000000001af       0x33 ECUAL/LEDS/LEDS_cfg.o
 .ARM.attributes
                0x00000000000001e2       0x33 Src/main.o
 .ARM.attributes
                0x0000000000000215       0x33 Src/stm32f1xx_hal_msp.o
 .ARM.attributes
                0x0000000000000248       0x33 Src/stm32f1xx_it.o
 .ARM.attributes
                0x000000000000027b       0x33 Src/system_stm32f1xx.o
 .ARM.attributes
                0x00000000000002ae       0x21 Startup/startup_stm32f103c8tx.o
 .ARM.attributes
                0x00000000000002cf       0x2d f:/prog_files/stmicroelectronics/stm32cubeide_1.3.0/stm32cubeide/plugins/com.st.stm32cube.ide.mcu.externaltools.gnu-tools-for-stm32.7-2018-q2-update.win32_1.0.0.201904181610/tools/bin/../lib/gcc/arm-none-eabi/7.3.1/../../../../arm-none-eabi/lib/thumb/v7-m\libc_nano.a(lib_a-init.o)
 .ARM.attributes
                0x00000000000002fc       0x2d f:/prog_files/stmicroelectronics/stm32cubeide_1.3.0/stm32cubeide/plugins/com.st.stm32cube.ide.mcu.externaltools.gnu-tools-for-stm32.7-2018-q2-update.win32_1.0.0.201904181610/tools/bin/../lib/gcc/arm-none-eabi/7.3.1/../../../../arm-none-eabi/lib/thumb/v7-m\libc_nano.a(lib_a-memset.o)
 .ARM.attributes
                0x0000000000000329       0x1d f:/prog_files/stmicroelectronics/stm32cubeide_1.3.0/stm32cubeide/plugins/com.st.stm32cube.ide.mcu.externaltools.gnu-tools-for-stm32.7-2018-q2-update.win32_1.0.0.201904181610/tools/bin/../lib/gcc/arm-none-eabi/7.3.1/thumb/v7-m/crtn.o
OUTPUT(Keypad_LEDs.elf elf32-littlearm)

.debug_info     0x0000000000000000     0x3b0f
 .debug_info    0x0000000000000000      0x714 Drivers/STM32F1xx_HAL_Driver/Src/stm32f1xx_hal.o
 .debug_info    0x0000000000000714      0xb51 Drivers/STM32F1xx_HAL_Driver/Src/stm32f1xx_hal_cortex.o
 .debug_info    0x0000000000001265      0x69b Drivers/STM32F1xx_HAL_Driver/Src/stm32f1xx_hal_gpio.o
 .debug_info    0x0000000000001900      0x80f Drivers/STM32F1xx_HAL_Driver/Src/stm32f1xx_hal_rcc.o
 .debug_info    0x000000000000210f      0x564 ECUAL/KEYPAD/KEYPAD.o
 .debug_info    0x0000000000002673      0x285 ECUAL/KEYPAD/KEYPAD_cfg.o
 .debug_info    0x00000000000028f8      0x426 ECUAL/LEDS/LEDS.o
 .debug_info    0x0000000000002d1e      0x24d ECUAL/LEDS/LEDS_cfg.o
 .debug_info    0x0000000000002f6b      0x3f6 Src/main.o
 .debug_info    0x0000000000003361      0x2d6 Src/stm32f1xx_hal_msp.o
 .debug_info    0x0000000000003637      0x21c Src/stm32f1xx_it.o
 .debug_info    0x0000000000003853      0x29a Src/system_stm32f1xx.o
 .debug_info    0x0000000000003aed       0x22 Startup/startup_stm32f103c8tx.o

.debug_abbrev   0x0000000000000000     0x1245
 .debug_abbrev  0x0000000000000000      0x1c7 Drivers/STM32F1xx_HAL_Driver/Src/stm32f1xx_hal.o
 .debug_abbrev  0x00000000000001c7      0x2d5 Drivers/STM32F1xx_HAL_Driver/Src/stm32f1xx_hal_cortex.o
 .debug_abbrev  0x000000000000049c      0x1c0 Drivers/STM32F1xx_HAL_Driver/Src/stm32f1xx_hal_gpio.o
 .debug_abbrev  0x000000000000065c      0x243 Drivers/STM32F1xx_HAL_Driver/Src/stm32f1xx_hal_rcc.o
 .debug_abbrev  0x000000000000089f      0x175 ECUAL/KEYPAD/KEYPAD.o
 .debug_abbrev  0x0000000000000a14      0x100 ECUAL/KEYPAD/KEYPAD_cfg.o
 .debug_abbrev  0x0000000000000b14      0x175 ECUAL/LEDS/LEDS.o
 .debug_abbrev  0x0000000000000c89      0x100 ECUAL/LEDS/LEDS_cfg.o
 .debug_abbrev  0x0000000000000d89      0x18f Src/main.o
 .debug_abbrev  0x0000000000000f18      0x109 Src/stm32f1xx_hal_msp.o
 .debug_abbrev  0x0000000000001021       0xde Src/stm32f1xx_it.o
 .debug_abbrev  0x00000000000010ff      0x134 Src/system_stm32f1xx.o
 .debug_abbrev  0x0000000000001233       0x12 Startup/startup_stm32f103c8tx.o

.debug_aranges  0x0000000000000000      0x460
 .debug_aranges
                0x0000000000000000       0xe0 Drivers/STM32F1xx_HAL_Driver/Src/stm32f1xx_hal.o
 .debug_aranges
                0x00000000000000e0      0x100 Drivers/STM32F1xx_HAL_Driver/Src/stm32f1xx_hal_cortex.o
 .debug_aranges
                0x00000000000001e0       0x58 Drivers/STM32F1xx_HAL_Driver/Src/stm32f1xx_hal_gpio.o
 .debug_aranges
                0x0000000000000238       0x90 Drivers/STM32F1xx_HAL_Driver/Src/stm32f1xx_hal_rcc.o
 .debug_aranges
                0x00000000000002c8       0x28 ECUAL/KEYPAD/KEYPAD.o
 .debug_aranges
                0x00000000000002f0       0x18 ECUAL/KEYPAD/KEYPAD_cfg.o
 .debug_aranges
                0x0000000000000308       0x30 ECUAL/LEDS/LEDS.o
 .debug_aranges
                0x0000000000000338       0x18 ECUAL/LEDS/LEDS_cfg.o
 .debug_aranges
                0x0000000000000350       0x40 Src/main.o
 .debug_aranges
                0x0000000000000390       0x20 Src/stm32f1xx_hal_msp.o
 .debug_aranges
                0x00000000000003b0       0x60 Src/stm32f1xx_it.o
 .debug_aranges
                0x0000000000000410       0x28 Src/system_stm32f1xx.o
 .debug_aranges
                0x0000000000000438       0x28 Startup/startup_stm32f103c8tx.o

.debug_ranges   0x0000000000000000      0x388
 .debug_ranges  0x0000000000000000       0xd0 Drivers/STM32F1xx_HAL_Driver/Src/stm32f1xx_hal.o
 .debug_ranges  0x00000000000000d0       0xf0 Drivers/STM32F1xx_HAL_Driver/Src/stm32f1xx_hal_cortex.o
 .debug_ranges  0x00000000000001c0       0x48 Drivers/STM32F1xx_HAL_Driver/Src/stm32f1xx_hal_gpio.o
 .debug_ranges  0x0000000000000208       0x80 Drivers/STM32F1xx_HAL_Driver/Src/stm32f1xx_hal_rcc.o
 .debug_ranges  0x0000000000000288       0x18 ECUAL/KEYPAD/KEYPAD.o
 .debug_ranges  0x00000000000002a0       0x20 ECUAL/LEDS/LEDS.o
 .debug_ranges  0x00000000000002c0       0x30 Src/main.o
 .debug_ranges  0x00000000000002f0       0x10 Src/stm32f1xx_hal_msp.o
 .debug_ranges  0x0000000000000300       0x50 Src/stm32f1xx_it.o
 .debug_ranges  0x0000000000000350       0x18 Src/system_stm32f1xx.o
 .debug_ranges  0x0000000000000368       0x20 Startup/startup_stm32f103c8tx.o

.debug_macro    0x0000000000000000    0x15f70
 .debug_macro   0x0000000000000000      0x1a8 Drivers/STM32F1xx_HAL_Driver/Src/stm32f1xx_hal.o
 .debug_macro   0x00000000000001a8      0xa5a Drivers/STM32F1xx_HAL_Driver/Src/stm32f1xx_hal.o
 .debug_macro   0x0000000000000c02      0x20f Drivers/STM32F1xx_HAL_Driver/Src/stm32f1xx_hal.o
 .debug_macro   0x0000000000000e11       0x2e Drivers/STM32F1xx_HAL_Driver/Src/stm32f1xx_hal.o
 .debug_macro   0x0000000000000e3f       0x22 Drivers/STM32F1xx_HAL_Driver/Src/stm32f1xx_hal.o
 .debug_macro   0x0000000000000e61       0x22 Drivers/STM32F1xx_HAL_Driver/Src/stm32f1xx_hal.o
 .debug_macro   0x0000000000000e83       0x8e Drivers/STM32F1xx_HAL_Driver/Src/stm32f1xx_hal.o
 .debug_macro   0x0000000000000f11       0x51 Drivers/STM32F1xx_HAL_Driver/Src/stm32f1xx_hal.o
 .debug_macro   0x0000000000000f62       0xef Drivers/STM32F1xx_HAL_Driver/Src/stm32f1xx_hal.o
 .debug_macro   0x0000000000001051       0x6a Drivers/STM32F1xx_HAL_Driver/Src/stm32f1xx_hal.o
 .debug_macro   0x00000000000010bb      0x1df Drivers/STM32F1xx_HAL_Driver/Src/stm32f1xx_hal.o
 .debug_macro   0x000000000000129a       0x1c Drivers/STM32F1xx_HAL_Driver/Src/stm32f1xx_hal.o
 .debug_macro   0x00000000000012b6       0x22 Drivers/STM32F1xx_HAL_Driver/Src/stm32f1xx_hal.o
 .debug_macro   0x00000000000012d8       0xc3 Drivers/STM32F1xx_HAL_Driver/Src/stm32f1xx_hal.o
 .debug_macro   0x000000000000139b      0xd23 Drivers/STM32F1xx_HAL_Driver/Src/stm32f1xx_hal.o
 .debug_macro   0x00000000000020be     0xe097 Drivers/STM32F1xx_HAL_Driver/Src/stm32f1xx_hal.o
 .debug_macro   0x0000000000010155       0x43 Drivers/STM32F1xx_HAL_Driver/Src/stm32f1xx_hal.o
 .debug_macro   0x0000000000010198     0x3468 Drivers/STM32F1xx_HAL_Driver/Src/stm32f1xx_hal.o
 .debug_macro   0x0000000000013600      0x174 Drivers/STM32F1xx_HAL_Driver/Src/stm32f1xx_hal.o
 .debug_macro   0x0000000000013774       0x5c Drivers/STM32F1xx_HAL_Driver/Src/stm32f1xx_hal.o
 .debug_macro   0x00000000000137d0      0x5be Drivers/STM32F1xx_HAL_Driver/Src/stm32f1xx_hal.o
 .debug_macro   0x0000000000013d8e      0x289 Drivers/STM32F1xx_HAL_Driver/Src/stm32f1xx_hal.o
 .debug_macro   0x0000000000014017      0x1cb Drivers/STM32F1xx_HAL_Driver/Src/stm32f1xx_hal.o
 .debug_macro   0x00000000000141e2      0x114 Drivers/STM32F1xx_HAL_Driver/Src/stm32f1xx_hal.o
 .debug_macro   0x00000000000142f6      0x1b2 Drivers/STM32F1xx_HAL_Driver/Src/stm32f1xx_hal.o
 .debug_macro   0x00000000000144a8       0x27 Drivers/STM32F1xx_HAL_Driver/Src/stm32f1xx_hal.o
 .debug_macro   0x00000000000144cf      0x136 Drivers/STM32F1xx_HAL_Driver/Src/stm32f1xx_hal.o
 .debug_macro   0x0000000000014605      0x1bc Drivers/STM32F1xx_HAL_Driver/Src/stm32f1xx_hal.o
 .debug_macro   0x00000000000147c1       0x34 Drivers/STM32F1xx_HAL_Driver/Src/stm32f1xx_hal.o
 .debug_macro   0x00000000000147f5       0x3c Drivers/STM32F1xx_HAL_Driver/Src/stm32f1xx_hal.o
 .debug_macro   0x0000000000014831       0x57 Drivers/STM32F1xx_HAL_Driver/Src/stm32f1xx_hal.o
 .debug_macro   0x0000000000014888       0x88 Drivers/STM32F1xx_HAL_Driver/Src/stm32f1xx_hal.o
 .debug_macro   0x0000000000014910      0x241 Drivers/STM32F1xx_HAL_Driver/Src/stm32f1xx_hal.o
 .debug_macro   0x0000000000014b51      0x141 Drivers/STM32F1xx_HAL_Driver/Src/stm32f1xx_hal.o
 .debug_macro   0x0000000000014c92       0x83 Drivers/STM32F1xx_HAL_Driver/Src/stm32f1xx_hal.o
 .debug_macro   0x0000000000014d15      0x184 Drivers/STM32F1xx_HAL_Driver/Src/stm32f1xx_hal_cortex.o
 .debug_macro   0x0000000000014e99      0x1ef Drivers/STM32F1xx_HAL_Driver/Src/stm32f1xx_hal_gpio.o
 .debug_macro   0x0000000000015088      0x196 Drivers/STM32F1xx_HAL_Driver/Src/stm32f1xx_hal_rcc.o
 .debug_macro   0x000000000001521e      0x19c ECUAL/KEYPAD/KEYPAD.o
 .debug_macro   0x00000000000153ba       0x10 ECUAL/KEYPAD/KEYPAD.o
 .debug_macro   0x00000000000153ca       0x28 ECUAL/KEYPAD/KEYPAD.o
 .debug_macro   0x00000000000153f2      0x192 ECUAL/KEYPAD/KEYPAD_cfg.o
 .debug_macro   0x0000000000015584      0x19d ECUAL/LEDS/LEDS.o
 .debug_macro   0x0000000000015721       0x10 ECUAL/LEDS/LEDS.o
 .debug_macro   0x0000000000015731      0x193 ECUAL/LEDS/LEDS_cfg.o
 .debug_macro   0x00000000000158c4      0x1b8 Src/main.o
 .debug_macro   0x0000000000015a7c       0x34 Src/main.o
 .debug_macro   0x0000000000015ab0       0x16 Src/main.o
 .debug_macro   0x0000000000015ac6      0x18e Src/stm32f1xx_hal_msp.o
 .debug_macro   0x0000000000015c54      0x198 Src/stm32f1xx_it.o
 .debug_macro   0x0000000000015dec      0x184 Src/system_stm32f1xx.o

.debug_line     0x0000000000000000     0x6bb5
 .debug_line    0x0000000000000000      0x9c7 Drivers/STM32F1xx_HAL_Driver/Src/stm32f1xx_hal.o
 .debug_line    0x00000000000009c7      0xa9e Drivers/STM32F1xx_HAL_Driver/Src/stm32f1xx_hal_cortex.o
 .debug_line    0x0000000000001465      0x9c3 Drivers/STM32F1xx_HAL_Driver/Src/stm32f1xx_hal_gpio.o
 .debug_line    0x0000000000001e28      0xa87 Drivers/STM32F1xx_HAL_Driver/Src/stm32f1xx_hal_rcc.o
 .debug_line    0x00000000000028af      0x99b ECUAL/KEYPAD/KEYPAD.o
 .debug_line    0x000000000000324a      0x7d8 ECUAL/KEYPAD/KEYPAD_cfg.o
 .debug_line    0x0000000000003a22      0x83f ECUAL/LEDS/LEDS.o
 .debug_line    0x0000000000004261      0x7d2 ECUAL/LEDS/LEDS_cfg.o
 .debug_line    0x0000000000004a33      0x880 Src/main.o
 .debug_line    0x00000000000052b3      0x7e8 Src/stm32f1xx_hal_msp.o
 .debug_line    0x0000000000005a9b      0x88c Src/stm32f1xx_it.o
 .debug_line    0x0000000000006327      0x80f Src/system_stm32f1xx.o
 .debug_line    0x0000000000006b36       0x7f Startup/startup_stm32f103c8tx.o

.debug_str      0x0000000000000000    0x7b778
 .debug_str     0x0000000000000000    0x7a99a Drivers/STM32F1xx_HAL_Driver/Src/stm32f1xx_hal.o
                                      0x7ae17 (size before relaxing)
 .debug_str     0x000000000007a99a      0x30a Drivers/STM32F1xx_HAL_Driver/Src/stm32f1xx_hal_cortex.o
                                      0x7ae1f (size before relaxing)
 .debug_str     0x000000000007aca4      0x3a9 Drivers/STM32F1xx_HAL_Driver/Src/stm32f1xx_hal_gpio.o
                                      0x7ab4a (size before relaxing)
 .debug_str     0x000000000007b04d      0x35f Drivers/STM32F1xx_HAL_Driver/Src/stm32f1xx_hal_rcc.o
                                      0x7ab83 (size before relaxing)
 .debug_str     0x000000000007b3ac      0x12d ECUAL/KEYPAD/KEYPAD.o
                                      0x7a8ba (size before relaxing)
 .debug_str     0x000000000007b4d9       0x1d ECUAL/KEYPAD/KEYPAD_cfg.o
                                      0x7a7c5 (size before relaxing)
 .debug_str     0x000000000007b4f6       0x7a ECUAL/LEDS/LEDS.o
                                      0x7a819 (size before relaxing)
 .debug_str     0x000000000007b570       0x19 ECUAL/LEDS/LEDS_cfg.o
                                      0x7a772 (size before relaxing)
 .debug_str     0x000000000007b589       0x9e Src/main.o
                                      0x7a96b (size before relaxing)
 .debug_str     0x000000000007b627       0x1b Src/stm32f1xx_hal_msp.o
                                      0x7a794 (size before relaxing)
 .debug_str     0x000000000007b642       0xb8 Src/stm32f1xx_it.o
                                      0x7a7c2 (size before relaxing)
 .debug_str     0x000000000007b6fa       0x4d Src/system_stm32f1xx.o
                                      0x7a781 (size before relaxing)
 .debug_str     0x000000000007b747       0x31 Startup/startup_stm32f103c8tx.o
                                         0x61 (size before relaxing)

.comment        0x0000000000000000       0x7b
 .comment       0x0000000000000000       0x7b Drivers/STM32F1xx_HAL_Driver/Src/stm32f1xx_hal.o
                                         0x7c (size before relaxing)
 .comment       0x000000000000007b       0x7c Drivers/STM32F1xx_HAL_Driver/Src/stm32f1xx_hal_cortex.o
 .comment       0x000000000000007b       0x7c Drivers/STM32F1xx_HAL_Driver/Src/stm32f1xx_hal_gpio.o
 .comment       0x000000000000007b       0x7c Drivers/STM32F1xx_HAL_Driver/Src/stm32f1xx_hal_rcc.o
 .comment       0x000000000000007b       0x7c ECUAL/KEYPAD/KEYPAD.o
 .comment       0x000000000000007b       0x7c ECUAL/KEYPAD/KEYPAD_cfg.o
 .comment       0x000000000000007b       0x7c ECUAL/LEDS/LEDS.o
 .comment       0x000000000000007b       0x7c ECUAL/LEDS/LEDS_cfg.o
 .comment       0x000000000000007b       0x7c Src/main.o
 .comment       0x000000000000007b       0x7c Src/stm32f1xx_hal_msp.o
 .comment       0x000000000000007b       0x7c Src/stm32f1xx_it.o
 .comment       0x000000000000007b       0x7c Src/system_stm32f1xx.o

.debug_frame    0x0000000000000000      0xe40
 .debug_frame   0x0000000000000000      0x334 Drivers/STM32F1xx_HAL_Driver/Src/stm32f1xx_hal.o
 .debug_frame   0x0000000000000334      0x428 Drivers/STM32F1xx_HAL_Driver/Src/stm32f1xx_hal_cortex.o
 .debug_frame   0x000000000000075c      0x14c Drivers/STM32F1xx_HAL_Driver/Src/stm32f1xx_hal_gpio.o
 .debug_frame   0x00000000000008a8      0x21c Drivers/STM32F1xx_HAL_Driver/Src/stm32f1xx_hal_rcc.o
 .debug_frame   0x0000000000000ac4       0x64 ECUAL/KEYPAD/KEYPAD.o
 .debug_frame   0x0000000000000b28       0x7c ECUAL/LEDS/LEDS.o
 .debug_frame   0x0000000000000ba4       0xb4 Src/main.o
 .debug_frame   0x0000000000000c58       0x38 Src/stm32f1xx_hal_msp.o
 .debug_frame   0x0000000000000c90      0x10c Src/stm32f1xx_it.o
 .debug_frame   0x0000000000000d9c       0x58 Src/system_stm32f1xx.o
 .debug_frame   0x0000000000000df4       0x2c f:/prog_files/stmicroelectronics/stm32cubeide_1.3.0/stm32cubeide/plugins/com.st.stm32cube.ide.mcu.externaltools.gnu-tools-for-stm32.7-2018-q2-update.win32_1.0.0.201904181610/tools/bin/../lib/gcc/arm-none-eabi/7.3.1/../../../../arm-none-eabi/lib/thumb/v7-m\libc_nano.a(lib_a-init.o)
 .debug_frame   0x0000000000000e20       0x20 f:/prog_files/stmicroelectronics/stm32cubeide_1.3.0/stm32cubeide/plugins/com.st.stm32cube.ide.mcu.externaltools.gnu-tools-for-stm32.7-2018-q2-update.win32_1.0.0.201904181610/tools/bin/../lib/gcc/arm-none-eabi/7.3.1/../../../../arm-none-eabi/lib/thumb/v7-m\libc_nano.a(lib_a-memset.o)
