../Core/Src/main.c:113:5:main	24	static
../Core/Src/main.c:278:6:SystemClock_Config	88	static
../Core/Src/main.c:326:13:MX_ADC1_Init	24	static
../Core/Src/main.c:373:13:MX_ADC2_Init	24	static
../Core/Src/main.c:420:13:MX_I2C1_Init	8	static
../Core/Src/main.c:454:13:MX_SPI1_Init	8	static
../Core/Src/main.c:492:13:MX_TIM2_Init	32	static
../Core/Src/main.c:537:13:MX_TIM3_Init	32	static
../Core/Src/main.c:582:13:MX_USB_PCD_Init	8	static
../Core/Src/main.c:613:13:MX_GPIO_Init	40	static
../Core/Src/main.c:678:6:HAL_GPIO_EXTI_Callback	16	static
../Core/Src/main.c:695:6:HAL_TIM_PeriodElapsedCallback	16	static
../Core/Src/main.c:716:6:agregar_digito	24	static
../Core/Src/main.c:725:6:borrar_ultimo_digito	24	static
../Core/Src/main.c:733:10:leer_temperatura	24	static
../Core/Src/main.c:748:6:enviar_spi_dac	24	static
../Core/Src/main.c:760:6:display_update_conf	64	static
../Core/Src/main.c:792:6:display_update_stat	88	static
../Core/Src/main.c:859:6:display_update_running	96	static
../Core/Src/main.c:899:10:control_carga	32	static
../Core/Src/main.c:948:6:Error_Handler	4	static,ignoring_inline_asm
