../Core/Src/main.c:105:5:main	24	static
../Core/Src/main.c:275:6:SystemClock_Config	88	static
../Core/Src/main.c:323:13:MX_ADC1_Init	24	static
../Core/Src/main.c:370:13:MX_ADC2_Init	24	static
../Core/Src/main.c:417:13:MX_I2C1_Init	8	static
../Core/Src/main.c:451:13:MX_SPI1_Init	8	static
../Core/Src/main.c:489:13:MX_TIM2_Init	32	static
../Core/Src/main.c:534:13:MX_USB_PCD_Init	8	static
../Core/Src/main.c:565:13:MX_GPIO_Init	40	static
../Core/Src/main.c:630:6:HAL_GPIO_EXTI_Callback	16	static
../Core/Src/main.c:647:6:HAL_TIM_PeriodElapsedCallback	16	static
../Core/Src/main.c:662:6:agregar_digito	24	static
../Core/Src/main.c:671:6:borrar_ultimo_digito	24	static
../Core/Src/main.c:679:10:leer_temperatura	24	static
../Core/Src/main.c:694:6:enviar_spi_dac	24	static
../Core/Src/main.c:706:6:display_update_conf	64	static
../Core/Src/main.c:738:6:display_update_stat	80	static
../Core/Src/main.c:807:6:display_update_running	96	static
../Core/Src/main.c:836:10:control_carga	24	static
../Core/Src/main.c:890:6:Error_Handler	4	static,ignoring_inline_asm
