../Core/Src/main.c:100:5:main	24	static
../Core/Src/main.c:246:6:SystemClock_Config	88	static
../Core/Src/main.c:294:13:MX_ADC1_Init	24	static
../Core/Src/main.c:350:13:MX_I2C1_Init	8	static
../Core/Src/main.c:384:13:MX_SPI1_Init	8	static
../Core/Src/main.c:422:13:MX_TIM2_Init	32	static
../Core/Src/main.c:467:13:MX_USB_PCD_Init	8	static
../Core/Src/main.c:496:13:MX_DMA_Init	16	static
../Core/Src/main.c:514:13:MX_GPIO_Init	40	static
../Core/Src/main.c:579:6:HAL_GPIO_EXTI_Callback	16	static
../Core/Src/main.c:596:6:HAL_TIM_PeriodElapsedCallback	16	static
../Core/Src/main.c:609:6:agregar_digito	24	static
../Core/Src/main.c:618:6:borrar_ultimo_digito	24	static
../Core/Src/main.c:625:6:enviar_spi_dac	24	static
../Core/Src/main.c:636:6:display_update_conf	64	static
../Core/Src/main.c:667:6:display_update_stat	64	static
../Core/Src/main.c:732:6:Error_Handler	4	static,ignoring_inline_asm
