../Core/Src/main.c:139:5:main	24	static
../Core/Src/main.c:328:6:SystemClock_Config	88	static
../Core/Src/main.c:376:13:MX_ADC1_Init	24	static
../Core/Src/main.c:450:13:MX_I2C1_Init	8	static
../Core/Src/main.c:484:13:MX_SPI1_Init	8	static
../Core/Src/main.c:522:13:MX_TIM2_Init	32	static
../Core/Src/main.c:567:13:MX_TIM3_Init	32	static
../Core/Src/main.c:610:13:MX_DMA_Init	16	static
../Core/Src/main.c:623:13:MX_GPIO_Init	40	static
../Core/Src/main.c:693:6:HAL_GPIO_EXTI_Callback	16	static
../Core/Src/main.c:717:6:HAL_TIM_PeriodElapsedCallback	16	static
../Core/Src/main.c:739:6:agregar_digito	24	static
../Core/Src/main.c:748:6:borrar_ultimo_digito	24	static
../Core/Src/main.c:756:10:leer_temperatura	24	static
../Core/Src/main.c:771:6:enviar_spi_dac	24	static
../Core/Src/main.c:783:10:validar_input	16	static
../Core/Src/main.c:795:6:validar_ADC	8	static
../Core/Src/main.c:820:6:detectar_error	24	static
../Core/Src/main.c:836:6:print_error	16	static
../Core/Src/main.c:869:6:display_update_conf	64	static
../Core/Src/main.c:900:6:display_update_stat	88	static
../Core/Src/main.c:976:6:modo_usb	64	static
../Core/Src/main.c:1032:6:display_update_running	96	static
../Core/Src/main.c:1072:6:display_update_running_usb	88	static
../Core/Src/main.c:1113:10:control_carga	24	static
../Core/Src/main.c:1164:6:Error_Handler	4	static,ignoring_inline_asm
