../Core/Src/main.c:124:5:main	24	static
../Core/Src/main.c:292:6:SystemClock_Config	88	static
../Core/Src/main.c:340:13:MX_ADC1_Init	24	static
../Core/Src/main.c:414:13:MX_I2C1_Init	8	static
../Core/Src/main.c:448:13:MX_SPI1_Init	8	static
../Core/Src/main.c:486:13:MX_TIM2_Init	32	static
../Core/Src/main.c:531:13:MX_TIM3_Init	32	static
../Core/Src/main.c:574:13:MX_DMA_Init	16	static
../Core/Src/main.c:587:13:MX_GPIO_Init	40	static
../Core/Src/main.c:657:6:HAL_GPIO_EXTI_Callback	16	static
../Core/Src/main.c:678:6:HAL_TIM_PeriodElapsedCallback	16	static
../Core/Src/main.c:700:6:agregar_digito	24	static
../Core/Src/main.c:709:6:borrar_ultimo_digito	24	static
../Core/Src/main.c:717:10:leer_temperatura	24	static
../Core/Src/main.c:732:6:enviar_spi_dac	24	static
../Core/Src/main.c:744:6:validar_ADC	8	static
../Core/Src/main.c:769:6:display_update_conf	64	static
../Core/Src/main.c:801:6:display_update_stat	88	static
../Core/Src/main.c:868:6:modo_usb	64	static
../Core/Src/main.c:917:6:display_update_running	96	static
../Core/Src/main.c:959:10:control_carga	24	static
../Core/Src/main.c:1010:6:Error_Handler	4	static,ignoring_inline_asm
