../Core/Src/main.c:103:5:main	24	static
../Core/Src/main.c:267:6:SystemClock_Config	88	static
../Core/Src/main.c:315:13:MX_ADC1_Init	24	static
../Core/Src/main.c:362:13:MX_ADC2_Init	24	static
../Core/Src/main.c:409:13:MX_I2C1_Init	8	static
../Core/Src/main.c:443:13:MX_SPI1_Init	8	static
../Core/Src/main.c:481:13:MX_TIM2_Init	32	static
../Core/Src/main.c:526:13:MX_USB_PCD_Init	8	static
../Core/Src/main.c:557:13:MX_GPIO_Init	40	static
../Core/Src/main.c:622:6:HAL_GPIO_EXTI_Callback	16	static
../Core/Src/main.c:639:6:HAL_TIM_PeriodElapsedCallback	16	static
../Core/Src/main.c:654:6:agregar_digito	24	static
../Core/Src/main.c:663:6:borrar_ultimo_digito	24	static
../Core/Src/main.c:670:6:enviar_spi_dac	24	static
../Core/Src/main.c:681:6:display_update_conf	64	static
../Core/Src/main.c:713:6:display_update_stat	80	static
../Core/Src/main.c:782:6:display_update_running	96	static
../Core/Src/main.c:811:10:control_carga	24	static
../Core/Src/main.c:865:6:Error_Handler	4	static,ignoring_inline_asm
