../Core/Src/main.c:118:5:main	24	static
../Core/Src/main.c:286:6:SystemClock_Config	88	static
../Core/Src/main.c:334:13:MX_ADC1_Init	24	static
../Core/Src/main.c:408:13:MX_I2C1_Init	8	static
../Core/Src/main.c:442:13:MX_SPI1_Init	8	static
../Core/Src/main.c:480:13:MX_TIM2_Init	32	static
../Core/Src/main.c:525:13:MX_TIM3_Init	32	static
../Core/Src/main.c:568:13:MX_DMA_Init	16	static
../Core/Src/main.c:586:13:MX_GPIO_Init	40	static
../Core/Src/main.c:656:6:HAL_GPIO_EXTI_Callback	16	static
../Core/Src/main.c:673:6:HAL_TIM_PeriodElapsedCallback	16	static
../Core/Src/main.c:694:6:agregar_digito	24	static
../Core/Src/main.c:703:6:borrar_ultimo_digito	24	static
../Core/Src/main.c:711:10:leer_temperatura	24	static
../Core/Src/main.c:726:6:enviar_spi_dac	24	static
../Core/Src/main.c:738:6:validar_ADC	8	static
../Core/Src/main.c:754:6:display_update_conf	64	static
../Core/Src/main.c:786:6:display_update_stat	88	static
../Core/Src/main.c:853:6:modo_usb	64	static
../Core/Src/main.c:894:6:display_update_running	96	static
../Core/Src/main.c:934:10:control_carga	32	static
../Core/Src/main.c:983:6:Error_Handler	4	static,ignoring_inline_asm
