../Core/Src/main.c:125:5:main	24	static
../Core/Src/main.c:289:6:SystemClock_Config	88	static
../Core/Src/main.c:337:13:MX_ADC1_Init	24	static
../Core/Src/main.c:411:13:MX_I2C1_Init	8	static
../Core/Src/main.c:445:13:MX_SPI1_Init	8	static
../Core/Src/main.c:483:13:MX_TIM2_Init	32	static
../Core/Src/main.c:528:13:MX_TIM3_Init	32	static
../Core/Src/main.c:571:13:MX_DMA_Init	16	static
../Core/Src/main.c:584:13:MX_GPIO_Init	40	static
../Core/Src/main.c:654:6:HAL_GPIO_EXTI_Callback	16	static
../Core/Src/main.c:675:6:HAL_TIM_PeriodElapsedCallback	16	static
../Core/Src/main.c:697:6:agregar_digito	24	static
../Core/Src/main.c:706:6:borrar_ultimo_digito	24	static
../Core/Src/main.c:714:10:leer_temperatura	24	static
../Core/Src/main.c:729:6:enviar_spi_dac	24	static
../Core/Src/main.c:741:6:validar_ADC	8	static
../Core/Src/main.c:766:6:display_update_conf	64	static
../Core/Src/main.c:798:6:display_update_stat	88	static
../Core/Src/main.c:865:6:modo_usb	64	static
../Core/Src/main.c:921:6:display_update_running	88	static
../Core/Src/main.c:962:6:display_update_running_usb	88	static
../Core/Src/main.c:1003:10:control_carga	24	static
../Core/Src/main.c:1054:6:Error_Handler	4	static,ignoring_inline_asm
