16:02:47 **** Incremental Build of configuration Debug for project scaner_i2c ****
make -j4 all 
arm-none-eabi-gcc "../Core/Src/main.c" -mcpu=cortex-m3 -std=gnu11 -g3 -DDEBUG -DUSE_HAL_DRIVER -DSTM32F103xB -c -I../Core/Inc -I../Drivers/STM32F1xx_HAL_Driver/Inc -I../Drivers/STM32F1xx_HAL_Driver/Inc/Legacy -I../Drivers/CMSIS/Device/ST/STM32F1xx/Include -I../Drivers/CMSIS/Include -O0 -ffunction-sections -fdata-sections -Wall -fstack-usage -fcyclomatic-complexity -MMD -MP -MF"Core/Src/main.d" -MT"Core/Src/main.o" --specs=nano.specs -mfloat-abi=soft -mthumb -o "Core/Src/main.o"
arm-none-eabi-gcc -o "scaner_i2c.elf" @"objects.list"   -mcpu=cortex-m3 -T"C:\Users\agusg\STM32CubeIDE\workspace_1.13.2\scaner_i2c\STM32F103C8TX_FLASH.ld" --specs=nosys.specs -Wl,-Map="scaner_i2c.map" -Wl,--gc-sections -static --specs=nano.specs -mfloat-abi=soft -mthumb -Wl,--start-group -lc -lm -Wl,--end-group
Finished building target: scaner_i2c.elf
 
arm-none-eabi-size   scaner_i2c.elf 
arm-none-eabi-objdump -h -S  scaner_i2c.elf  > "scaner_i2c.list"
   text	   data	    bss	    dec	    hex	filename
   9004	     20	   1732	  10756	   2a04	scaner_i2c.elf
Finished building: default.size.stdout
 
Finished building: scaner_i2c.list
 

16:02:48 Build Finished. 0 errors, 0 warnings. (took 1s.283ms)

